<html>
<body>
<pre>
<h1>礦ision Build Log</h1>
<h2>Project:</h2>
E:\STM32F103电机控制开发板\STM32电机控制开发板资料20170415_V17-2\STM32电机控制程序_V17-2\STM32_PMSM_FOC_Hall_170415OK\Project\STM32_PMSM_Hall_17.2.uvproj
Project File Date:  06/01/2017

<h2>Output:</h2>
Build target 'STM32_PMSM_Hall_V17_2'
linking...
Program Size: Code=18024 RO-data=1804 RW-data=376 ZI-data=1288  
FromELF: creating hex file...
".\Output\STM32_PMSM_Hall.axf" - 0 Error(s), 0 Warning(s).
Rebuild target 'STM32_PMSM_Hall_V17_2'
compiling core_cm3.c...
compiling system_stm32f10x.c...
assembling startup_stm32f10x_md.s...
compiling misc.c...
compiling stm32f10x_adc.c...
compiling stm32f10x_bkp.c...
compiling stm32f10x_can.c...
compiling stm32f10x_cec.c...
compiling stm32f10x_crc.c...
compiling stm32f10x_dac.c...
compiling stm32f10x_dbgmcu.c...
compiling stm32f10x_dma.c...
compiling stm32f10x_exti.c...
compiling stm32f10x_flash.c...
compiling stm32f10x_fsmc.c...
compiling stm32f10x_gpio.c...
compiling stm32f10x_i2c.c...
compiling stm32f10x_iwdg.c...
compiling stm32f10x_pwr.c...
compiling stm32f10x_rcc.c...
compiling stm32f10x_rtc.c...
compiling stm32f10x_sdio.c...
compiling stm32f10x_spi.c...
compiling stm32f10x_tim.c...
compiling stm32f10x_usart.c...
compiling stm32f10x_wwdg.c...
compiling main.c...
compiling stm32f10x_it.c...
compiling GPIO_int.c...
compiling Timer.c...
compiling ADC_int.c...
compiling Tim1_PWM.c...
compiling Tim1_ISR_MCLoop.c...
compiling IQ_math.c...
compiling Svpwm_dq.c...
compiling Axis_transform.c...
compiling ThreeHall.c...
compiling Tim4_Encoder_PWMDAC.c...
compiling Task_function.c...
compiling PI_Cale.c...
compiling Usart_RS232.c...
compiling CAN.c...
linking...
Program Size: Code=18024 RO-data=1804 RW-data=376 ZI-data=1288  
FromELF: creating hex file...
".\Output\STM32_PMSM_Hall.axf" - 0 Error(s), 0 Warning(s).
Load "E:\\STM32F103电机控制开发板\\STM32电机控制开发板资料20170415_V17-2\\STM32电机控制程序_V17-2\\STM32_PMSM_FOC_Hall_170415OK\\Project\\Output\\STM32_PMSM_Hall.AXF" 
Set JLink Project File to "E:\STM32F103电机控制开发板\STM32电机控制开发板资料20170415_V17-2\STM32电机控制程序_V17-2\STM32_PMSM_FOC_Hall_170415OK\Project\JLinkSettings.ini"
* JLink Info: Device "STM32F103C8" selected (64 KB flash, 20 KB RAM).
 
JLink info:
------------
DLL: V4.54a, compiled Sep 17 2012 15:58:45
Firmware: J-Link ARM V8 compiled Jul 17 2013 11:24:15
Hardware: V8.00
S/N : 304439649 
Feature(s) : RDI,FlashDL,FlashBP,JFlash,GDBFULL 
 
* JLink Info: Found SWD-DP with ID 0x1BA01477
* JLink Info: Found SWD-DP with ID 0x1BA01477
* JLink Info: TPIU fitted.
* JLink Info: FPUnit: 6 code (BP) slots and 2 literal slots
* JLink Info: Found Cortex-M3 r1p1, Little endian.
ROMTableAddr = 0xE00FF003
 
Target info:
------------
Device: STM32F103C8
VTarget = 3.300V
State of Pins: 
TCK: 0, TDI: 0, TDO: 0, TMS: 1, TRES: 1, TRST: 1
Hardware-Breakpoints: 6
Software-Breakpoints: 8192
Watchpoints:          4
JTAG speed: 1000 kHz
 
Erase Done.
Programming Done.
Verify OK.
