Component: ARM Compiler 5.06 update 6 (build 750) Tool: armlink [4d35ed]

==============================================================================

Section Cross References

    system_stm32f10x.o(.text) refers to system_stm32f10x.o(.data) for SystemCoreClock
    startup_stm32f10x_md.o(RESET) refers to startup_stm32f10x_md.o(STACK) for __initial_sp
    startup_stm32f10x_md.o(RESET) refers to startup_stm32f10x_md.o(.text) for Reset_Handler
    startup_stm32f10x_md.o(RESET) refers to stm32f10x_it.o(.text) for SysTick_Handler
    startup_stm32f10x_md.o(RESET) refers to can.o(.text) for USB_LP_CAN1_RX0_IRQHandler
    startup_stm32f10x_md.o(RESET) refers to tim1_isr_mcloop.o(.text) for TIM1_UP_IRQHandler
    startup_stm32f10x_md.o(RESET) refers to usart_rs232.o(.text) for USART3_IRQHandler
    startup_stm32f10x_md.o(.text) refers to system_stm32f10x.o(.text) for SystemInit
    startup_stm32f10x_md.o(.text) refers to entry.o(.ARM.Collect$$$$00000000) for __main
    stm32f10x_adc.o(.text) refers to stm32f10x_rcc.o(.text) for RCC_APB2PeriphResetCmd
    stm32f10x_bkp.o(.text) refers to stm32f10x_rcc.o(.text) for RCC_BackupResetCmd
    stm32f10x_can.o(.text) refers to stm32f10x_rcc.o(.text) for RCC_APB1PeriphResetCmd
    stm32f10x_cec.o(.text) refers to stm32f10x_rcc.o(.text) for RCC_APB1PeriphResetCmd
    stm32f10x_dac.o(.text) refers to stm32f10x_rcc.o(.text) for RCC_APB1PeriphResetCmd
    stm32f10x_gpio.o(.text) refers to stm32f10x_rcc.o(.text) for RCC_APB2PeriphResetCmd
    stm32f10x_i2c.o(.text) refers to stm32f10x_rcc.o(.text) for RCC_APB1PeriphResetCmd
    stm32f10x_pwr.o(.text) refers to stm32f10x_rcc.o(.text) for RCC_APB1PeriphResetCmd
    stm32f10x_rcc.o(.text) refers to stm32f10x_rcc.o(.data) for APBAHBPrescTable
    stm32f10x_spi.o(.text) refers to stm32f10x_rcc.o(.text) for RCC_APB2PeriphResetCmd
    stm32f10x_tim.o(.text) refers to stm32f10x_rcc.o(.text) for RCC_APB2PeriphResetCmd
    stm32f10x_usart.o(.text) refers to stm32f10x_rcc.o(.text) for RCC_APB2PeriphResetCmd
    stm32f10x_wwdg.o(.text) refers to stm32f10x_rcc.o(.text) for RCC_APB1PeriphResetCmd
    main.o(.text) refers to gpio_int.o(.text) for Delay
    main.o(.text) refers to timer.o(.text) for SysTickConfig
    main.o(.text) refers to usart_rs232.o(.text) for Usart3_RS232_init
    main.o(.text) refers to can.o(.text) for CAN_Config
    main.o(.text) refers to adc_int.o(.text) for DMA_Configuration
    main.o(.text) refers to tim1_pwm.o(.text) for Tim1_PWM_Init
    main.o(.text) refers to tim4_encoder_pwmdac.o(.text) for TIM4PWMDAC_Config
    main.o(.text) refers to pi_cale.o(.text) for PI_Pare_init
    main.o(.text) refers to sensorless_smo.o(.text) for SMO_Pare_init
    main.o(.text) refers to main.o(.bss) for logicContr
    stm32f10x_it.o(.text) refers to tim1_pwm.o(.text) for Stop_Motor
    stm32f10x_it.o(.text) refers to stm32f10x_tim.o(.text) for TIM_ClearITPendingBit
    stm32f10x_it.o(.text) refers to main.o(.bss) for TaskTimePare
    gpio_int.o(.text) refers to stm32f10x_rcc.o(.text) for RCC_APB2PeriphClockCmd
    gpio_int.o(.text) refers to stm32f10x_gpio.o(.text) for GPIO_Init
    timer.o(.text) refers to gpio_int.o(.text) for LED1_Toggle
    timer.o(.text) refers to system_stm32f10x.o(.data) for SystemCoreClock
    timer.o(.text) refers to main.o(.bss) for TaskTimePare
    adc_int.o(.text) refers to stm32f10x_rcc.o(.text) for RCC_APB2PeriphClockCmd
    adc_int.o(.text) refers to stm32f10x_adc.o(.text) for ADC_DeInit
    adc_int.o(.text) refers to stm32f10x_dma.o(.text) for DMA_DeInit
    adc_int.o(.text) refers to gpio_int.o(.text) for Delay
    adc_int.o(.text) refers to adc_int.o(.bss) for ADC_ConvertedValue
    adc_int.o(.text) refers to adc_int.o(.data) for i
    adc_int.o(.text) refers to main.o(.data) for ADCSampPare
    tim1_pwm.o(.text) refers to stm32f10x_rcc.o(.text) for RCC_APB2PeriphClockCmd
    tim1_pwm.o(.text) refers to stm32f10x_tim.o(.text) for TIM_TimeBaseInit
    tim1_pwm.o(.text) refers to misc.o(.text) for NVIC_PriorityGroupConfig
    tim1_pwm.o(.text) refers to main.o(.bss) for Svpwmdq
    tim1_pwm.o(.text) refers to tim1_pwm.o(.data) for PWM_DUTY
    tim1_isr_mcloop.o(.text) refers to stm32f10x_tim.o(.text) for TIM_ClearFlag
    tim1_isr_mcloop.o(.text) refers to sensorless_smo.o(.text) for SMO_Speedcale
    tim1_isr_mcloop.o(.text) refers to task_function.o(.text) for knob_control
    tim1_isr_mcloop.o(.text) refers to pi_cale.o(.text) for PI_Controller
    tim1_isr_mcloop.o(.text) refers to adc_int.o(.text) for ADC_Sample
    tim1_isr_mcloop.o(.text) refers to axis_transform.o(.text) for CLARKE_Cale
    tim1_isr_mcloop.o(.text) refers to iq_math.o(.text) for IQSin_Cos_Cale
    tim1_isr_mcloop.o(.text) refers to svpwm_dq.o(.text) for SVPWM_Cale
    tim1_isr_mcloop.o(.text) refers to tim1_pwm.o(.text) for Svpwm_Outpwm
    tim1_isr_mcloop.o(.text) refers to main.o(.bss) for TaskTimePare
    tim1_isr_mcloop.o(.text) refers to main.o(.data) for pi_id
    tim1_isr_mcloop.o(.text) refers to tim1_isr_mcloop.o(.data) for FilK1
    tim1_isr_mcloop.o(.text) refers to tim1_pwm.o(.data) for PWM_DUTY
    iq_math.o(.text) refers to iq_math.o(.constdata) for IQSin_Cos_Table
    tim4_encoder_pwmdac.o(.text) refers to stm32f10x_rcc.o(.text) for RCC_APB1PeriphClockCmd
    tim4_encoder_pwmdac.o(.text) refers to stm32f10x_tim.o(.text) for TIM_TimeBaseInit
    tim4_encoder_pwmdac.o(.text) refers to system_stm32f10x.o(.data) for SystemCoreClock
    task_function.o(.text) refers to tim1_pwm.o(.text) for Start_Motor
    task_function.o(.text) refers to main.o(.data) for ADCSampPare
    task_function.o(.text) refers to main.o(.bss) for logicContr
    task_function.o(.text) refers to tim1_isr_mcloop.o(.data) for detha1
    pi_cale.o(.text) refers to iq_math.o(.text) for IQsat
    pi_cale.o(.text) refers to main.o(.data) for pi_spd
    usart_rs232.o(.text) refers to stm32f10x_rcc.o(.text) for RCC_APB1PeriphClockCmd
    usart_rs232.o(.text) refers to misc.o(.text) for NVIC_Init
    usart_rs232.o(.text) refers to stm32f10x_usart.o(.text) for USART_DeInit
    usart_rs232.o(.text) refers to main.o(.bss) for TaskTimePare
    sensorless_smo.o(.text) refers to iq_math.o(.text) for IQsat
    sensorless_smo.o(.text) refers to fdiv.o(.text) for __aeabi_fdiv
    sensorless_smo.o(.text) refers to fmul.o(.text) for __aeabi_fmul
    sensorless_smo.o(.text) refers to f2d.o(.text) for __aeabi_f2d
    sensorless_smo.o(.text) refers to exp.o(i.exp) for exp
    sensorless_smo.o(.text) refers to d2f.o(.text) for __aeabi_d2f
    sensorless_smo.o(.text) refers to fadd.o(.text) for __aeabi_fsub
    sensorless_smo.o(.text) refers to ffixi.o(.text) for __aeabi_f2iz
    sensorless_smo.o(.text) refers to main.o(.bss) for SMO_MotorPare
    can.o(.text) refers to misc.o(.text) for NVIC_Init
    can.o(.text) refers to stm32f10x_rcc.o(.text) for RCC_APB1PeriphClockCmd
    can.o(.text) refers to stm32f10x_can.o(.text) for CAN_DeInit
    can.o(.text) refers to main.o(.data) for CANSRPare
    can.o(.text) refers to can.o(.bss) for TxMessage
    can.o(.text) refers to main.o(.bss) for TaskTimePare
    exp.o(i.__softfp_exp) refers (Special) to iusefp.o(.text) for __I$use$fp
    exp.o(i.__softfp_exp) refers to exp.o(i.exp) for exp
    exp.o(i.exp) refers (Special) to iusefp.o(.text) for __I$use$fp
    exp.o(i.exp) refers to dunder.o(i.__mathlib_dbl_infnan) for __mathlib_dbl_infnan
    exp.o(i.exp) refers to cdrcmple.o(.text) for __aeabi_cdrcmple
    exp.o(i.exp) refers to errno.o(i.__set_errno) for __set_errno
    exp.o(i.exp) refers to dunder.o(i.__mathlib_dbl_overflow) for __mathlib_dbl_overflow
    exp.o(i.exp) refers to cdcmple.o(.text) for __aeabi_cdcmple
    exp.o(i.exp) refers to dunder.o(i.__mathlib_dbl_underflow) for __mathlib_dbl_underflow
    exp.o(i.exp) refers to dadd.o(.text) for __aeabi_dsub
    exp.o(i.exp) refers to dmul.o(.text) for __aeabi_dmul
    exp.o(i.exp) refers to dfixi.o(.text) for __aeabi_d2iz
    exp.o(i.exp) refers to dflti.o(.text) for __aeabi_i2d
    exp.o(i.exp) refers to poly.o(i.__kernel_poly) for __kernel_poly
    exp.o(i.exp) refers to ddiv.o(.text) for __aeabi_ddiv
    exp.o(i.exp) refers to dscalb.o(.text) for __ARM_scalbn
    exp.o(i.exp) refers to fpclassify.o(i.__ARM_fpclassify) for __ARM_fpclassify
    exp.o(i.exp) refers to exp.o(.constdata) for .constdata
    exp.o(.constdata) refers (Special) to iusefp.o(.text) for __I$use$fp
    exp_x.o(i.____softfp_exp$lsc) refers (Special) to iusefp.o(.text) for __I$use$fp
    exp_x.o(i.____softfp_exp$lsc) refers to exp_x.o(i.__exp$lsc) for __exp$lsc
    exp_x.o(i.__exp$lsc) refers (Special) to iusefp.o(.text) for __I$use$fp
    exp_x.o(i.__exp$lsc) refers to dunder.o(i.__mathlib_dbl_infnan) for __mathlib_dbl_infnan
    exp_x.o(i.__exp$lsc) refers to cdrcmple.o(.text) for __aeabi_cdrcmple
    exp_x.o(i.__exp$lsc) refers to errno.o(i.__set_errno) for __set_errno
    exp_x.o(i.__exp$lsc) refers to cdcmple.o(.text) for __aeabi_cdcmple
    exp_x.o(i.__exp$lsc) refers to dadd.o(.text) for __aeabi_dsub
    exp_x.o(i.__exp$lsc) refers to dmul.o(.text) for __aeabi_dmul
    exp_x.o(i.__exp$lsc) refers to dfixi.o(.text) for __aeabi_d2iz
    exp_x.o(i.__exp$lsc) refers to dflti.o(.text) for __aeabi_i2d
    exp_x.o(i.__exp$lsc) refers to poly.o(i.__kernel_poly) for __kernel_poly
    exp_x.o(i.__exp$lsc) refers to ddiv.o(.text) for __aeabi_ddiv
    exp_x.o(i.__exp$lsc) refers to dscalb.o(.text) for __ARM_scalbn
    exp_x.o(i.__exp$lsc) refers to qnan.o(.constdata) for __mathlib_zero
    exp_x.o(i.__exp$lsc) refers to exp_x.o(.constdata) for .constdata
    exp_x.o(.constdata) refers (Special) to iusefp.o(.text) for __I$use$fp
    entry.o(.ARM.Collect$$$$00000000) refers (Special) to entry10a.o(.ARM.Collect$$$$0000000D) for __rt_final_cpp
    entry.o(.ARM.Collect$$$$00000000) refers (Special) to entry11a.o(.ARM.Collect$$$$0000000F) for __rt_final_exit
    entry.o(.ARM.Collect$$$$00000000) refers (Special) to entry7b.o(.ARM.Collect$$$$00000008) for _main_clock
    entry.o(.ARM.Collect$$$$00000000) refers (Special) to entry8b.o(.ARM.Collect$$$$0000000A) for _main_cpp_init
    entry.o(.ARM.Collect$$$$00000000) refers (Special) to entry9a.o(.ARM.Collect$$$$0000000B) for _main_init
    entry.o(.ARM.Collect$$$$00000000) refers (Special) to entry5.o(.ARM.Collect$$$$00000004) for _main_scatterload
    entry.o(.ARM.Collect$$$$00000000) refers (Special) to entry2.o(.ARM.Collect$$$$00000001) for _main_stk
    fadd.o(.text) refers (Special) to iusefp.o(.text) for __I$use$fp
    fadd.o(.text) refers to fepilogue.o(.text) for _float_epilogue
    fmul.o(.text) refers (Special) to iusefp.o(.text) for __I$use$fp
    fdiv.o(.text) refers (Special) to iusefp.o(.text) for __I$use$fp
    fdiv.o(.text) refers to fepilogue.o(.text) for _float_round
    ffixi.o(.text) refers (Special) to iusefp.o(.text) for __I$use$fp
    f2d.o(.text) refers (Special) to iusefp.o(.text) for __I$use$fp
    d2f.o(.text) refers (Special) to iusefp.o(.text) for __I$use$fp
    d2f.o(.text) refers to fepilogue.o(.text) for _float_round
    dunder.o(i.__mathlib_dbl_divzero) refers to ddiv.o(.text) for __aeabi_ddiv
    dunder.o(i.__mathlib_dbl_infnan) refers to dscalb.o(.text) for __ARM_scalbn
    dunder.o(i.__mathlib_dbl_infnan2) refers to dadd.o(.text) for __aeabi_dadd
    dunder.o(i.__mathlib_dbl_invalid) refers to ddiv.o(.text) for __aeabi_ddiv
    dunder.o(i.__mathlib_dbl_overflow) refers to dscalb.o(.text) for __ARM_scalbn
    dunder.o(i.__mathlib_dbl_posinfnan) refers to dmul.o(.text) for __aeabi_dmul
    dunder.o(i.__mathlib_dbl_underflow) refers to dscalb.o(.text) for __ARM_scalbn
    fpclassify.o(i.__ARM_fpclassify) refers (Special) to iusefp.o(.text) for __I$use$fp
    poly.o(i.__kernel_poly) refers (Special) to iusefp.o(.text) for __I$use$fp
    poly.o(i.__kernel_poly) refers to dmul.o(.text) for __aeabi_dmul
    poly.o(i.__kernel_poly) refers to dadd.o(.text) for __aeabi_dadd
    qnan.o(.constdata) refers (Special) to iusefp.o(.text) for __I$use$fp
    entry2.o(.ARM.Collect$$$$00000001) refers to entry2.o(.ARM.Collect$$$$00002712) for __lit__00000000
    entry2.o(.ARM.Collect$$$$00002712) refers to startup_stm32f10x_md.o(STACK) for __initial_sp
    entry2.o(__vectab_stack_and_reset_area) refers to startup_stm32f10x_md.o(STACK) for __initial_sp
    entry2.o(__vectab_stack_and_reset_area) refers to entry.o(.ARM.Collect$$$$00000000) for __main
    entry5.o(.ARM.Collect$$$$00000004) refers to init.o(.text) for __scatterload
    entry9a.o(.ARM.Collect$$$$0000000B) refers to main.o(.text) for main
    entry9b.o(.ARM.Collect$$$$0000000C) refers to main.o(.text) for main
    errno.o(i.__aeabi_errno_addr) refers to errno.o(.data) for .data
    errno.o(i.__read_errno) refers to errno.o(.data) for .data
    errno.o(i.__set_errno) refers to errno.o(.data) for .data
    dadd.o(.text) refers to llshl.o(.text) for __aeabi_llsl
    dadd.o(.text) refers to llsshr.o(.text) for __aeabi_lasr
    dadd.o(.text) refers to depilogue.o(.text) for _double_epilogue
    dmul.o(.text) refers to depilogue.o(.text) for _double_epilogue
    ddiv.o(.text) refers to depilogue.o(.text) for _double_round
    dflti.o(.text) refers to depilogue.o(.text) for _double_epilogue
    dfixi.o(.text) refers to llushr.o(.text) for __aeabi_llsr
    init.o(.text) refers to entry5.o(.ARM.Collect$$$$00000004) for __main_after_scatterload
    depilogue.o(.text) refers to llshl.o(.text) for __aeabi_llsl
    depilogue.o(.text) refers to llushr.o(.text) for __aeabi_llsr


==============================================================================

Removing Unused input sections from the image.

    Removing core_cm3.o(.emb_text), (32 bytes).
    Removing startup_stm32f10x_md.o(HEAP), (512 bytes).
    Removing stm32f10x_bkp.o(.text), (196 bytes).
    Removing stm32f10x_cec.o(.text), (288 bytes).
    Removing stm32f10x_crc.o(.text), (72 bytes).
    Removing stm32f10x_dac.o(.text), (396 bytes).
    Removing stm32f10x_dbgmcu.o(.text), (48 bytes).
    Removing stm32f10x_exti.o(.text), (284 bytes).
    Removing stm32f10x_flash.o(.text), (1468 bytes).
    Removing stm32f10x_fsmc.o(.text), (1548 bytes).
    Removing stm32f10x_i2c.o(.text), (1028 bytes).
    Removing stm32f10x_iwdg.o(.text), (64 bytes).
    Removing stm32f10x_pwr.o(.text), (204 bytes).
    Removing stm32f10x_rtc.o(.text), (328 bytes).
    Removing stm32f10x_sdio.o(.text), (468 bytes).
    Removing stm32f10x_spi.o(.text), (780 bytes).
    Removing stm32f10x_wwdg.o(.text), (136 bytes).

17 unused section(s) (total 7852 bytes) removed from the image.

==============================================================================

Image Symbol Table

    Local Symbols

    Symbol Name                              Value     Ov Type        Size  Object(Section)

    ../clib/microlib/errno.c                 0x00000000   Number         0  errno.o ABSOLUTE
    ../clib/microlib/init/entry.s            0x00000000   Number         0  entry8b.o ABSOLUTE
    ../clib/microlib/init/entry.s            0x00000000   Number         0  entry11a.o ABSOLUTE
    ../clib/microlib/init/entry.s            0x00000000   Number         0  entry.o ABSOLUTE
    ../clib/microlib/init/entry.s            0x00000000   Number         0  entry11b.o ABSOLUTE
    ../clib/microlib/init/entry.s            0x00000000   Number         0  entry8a.o ABSOLUTE
    ../clib/microlib/init/entry.s            0x00000000   Number         0  entry5.o ABSOLUTE
    ../clib/microlib/init/entry.s            0x00000000   Number         0  entry9a.o ABSOLUTE
    ../clib/microlib/init/entry.s            0x00000000   Number         0  entry9b.o ABSOLUTE
    ../clib/microlib/init/entry.s            0x00000000   Number         0  entry10a.o ABSOLUTE
    ../clib/microlib/init/entry.s            0x00000000   Number         0  entry2.o ABSOLUTE
    ../clib/microlib/init/entry.s            0x00000000   Number         0  entry7b.o ABSOLUTE
    ../clib/microlib/init/entry.s            0x00000000   Number         0  entry7a.o ABSOLUTE
    ../clib/microlib/init/entry.s            0x00000000   Number         0  entry10b.o ABSOLUTE
    ../clib/microlib/longlong.c              0x00000000   Number         0  llshl.o ABSOLUTE
    ../clib/microlib/longlong.c              0x00000000   Number         0  llushr.o ABSOLUTE
    ../clib/microlib/longlong.c              0x00000000   Number         0  llsshr.o ABSOLUTE
    ../clib/microlib/stubs.s                 0x00000000   Number         0  iusefp.o ABSOLUTE
    ../fplib/microlib/d2f.c                  0x00000000   Number         0  d2f.o ABSOLUTE
    ../fplib/microlib/f2d.c                  0x00000000   Number         0  f2d.o ABSOLUTE
    ../fplib/microlib/fpadd.c                0x00000000   Number         0  dadd.o ABSOLUTE
    ../fplib/microlib/fpadd.c                0x00000000   Number         0  fadd.o ABSOLUTE
    ../fplib/microlib/fpdiv.c                0x00000000   Number         0  fdiv.o ABSOLUTE
    ../fplib/microlib/fpdiv.c                0x00000000   Number         0  ddiv.o ABSOLUTE
    ../fplib/microlib/fpepilogue.c           0x00000000   Number         0  depilogue.o ABSOLUTE
    ../fplib/microlib/fpepilogue.c           0x00000000   Number         0  fepilogue.o ABSOLUTE
    ../fplib/microlib/fpfix.c                0x00000000   Number         0  ffixi.o ABSOLUTE
    ../fplib/microlib/fpfix.c                0x00000000   Number         0  dfixi.o ABSOLUTE
    ../fplib/microlib/fpflt.c                0x00000000   Number         0  dflti.o ABSOLUTE
    ../fplib/microlib/fpmul.c                0x00000000   Number         0  fmul.o ABSOLUTE
    ../fplib/microlib/fpmul.c                0x00000000   Number         0  dmul.o ABSOLUTE
    ../fplib/microlib/fpscalb.c              0x00000000   Number         0  dscalb.o ABSOLUTE
    ../mathlib/dunder.c                      0x00000000   Number         0  dunder.o ABSOLUTE
    ../mathlib/exp.c                         0x00000000   Number         0  exp_x.o ABSOLUTE
    ../mathlib/exp.c                         0x00000000   Number         0  exp.o ABSOLUTE
    ../mathlib/fpclassify.c                  0x00000000   Number         0  fpclassify.o ABSOLUTE
    ../mathlib/poly.c                        0x00000000   Number         0  poly.o ABSOLUTE
    ../mathlib/qnan.c                        0x00000000   Number         0  qnan.o ABSOLUTE
    ..\CMSIS\core_cm3.c                      0x00000000   Number         0  core_cm3.o ABSOLUTE
    ..\CMSIS\startup\startup_stm32f10x_md.s  0x00000000   Number         0  startup_stm32f10x_md.o ABSOLUTE
    ..\CMSIS\system_stm32f10x.c              0x00000000   Number         0  system_stm32f10x.o ABSOLUTE
    ..\FWlib\src\misc.c                      0x00000000   Number         0  misc.o ABSOLUTE
    ..\FWlib\src\stm32f10x_adc.c             0x00000000   Number         0  stm32f10x_adc.o ABSOLUTE
    ..\FWlib\src\stm32f10x_bkp.c             0x00000000   Number         0  stm32f10x_bkp.o ABSOLUTE
    ..\FWlib\src\stm32f10x_can.c             0x00000000   Number         0  stm32f10x_can.o ABSOLUTE
    ..\FWlib\src\stm32f10x_cec.c             0x00000000   Number         0  stm32f10x_cec.o ABSOLUTE
    ..\FWlib\src\stm32f10x_crc.c             0x00000000   Number         0  stm32f10x_crc.o ABSOLUTE
    ..\FWlib\src\stm32f10x_dac.c             0x00000000   Number         0  stm32f10x_dac.o ABSOLUTE
    ..\FWlib\src\stm32f10x_dbgmcu.c          0x00000000   Number         0  stm32f10x_dbgmcu.o ABSOLUTE
    ..\FWlib\src\stm32f10x_dma.c             0x00000000   Number         0  stm32f10x_dma.o ABSOLUTE
    ..\FWlib\src\stm32f10x_exti.c            0x00000000   Number         0  stm32f10x_exti.o ABSOLUTE
    ..\FWlib\src\stm32f10x_flash.c           0x00000000   Number         0  stm32f10x_flash.o ABSOLUTE
    ..\FWlib\src\stm32f10x_fsmc.c            0x00000000   Number         0  stm32f10x_fsmc.o ABSOLUTE
    ..\FWlib\src\stm32f10x_gpio.c            0x00000000   Number         0  stm32f10x_gpio.o ABSOLUTE
    ..\FWlib\src\stm32f10x_i2c.c             0x00000000   Number         0  stm32f10x_i2c.o ABSOLUTE
    ..\FWlib\src\stm32f10x_iwdg.c            0x00000000   Number         0  stm32f10x_iwdg.o ABSOLUTE
    ..\FWlib\src\stm32f10x_pwr.c             0x00000000   Number         0  stm32f10x_pwr.o ABSOLUTE
    ..\FWlib\src\stm32f10x_rcc.c             0x00000000   Number         0  stm32f10x_rcc.o ABSOLUTE
    ..\FWlib\src\stm32f10x_rtc.c             0x00000000   Number         0  stm32f10x_rtc.o ABSOLUTE
    ..\FWlib\src\stm32f10x_sdio.c            0x00000000   Number         0  stm32f10x_sdio.o ABSOLUTE
    ..\FWlib\src\stm32f10x_spi.c             0x00000000   Number         0  stm32f10x_spi.o ABSOLUTE
    ..\FWlib\src\stm32f10x_tim.c             0x00000000   Number         0  stm32f10x_tim.o ABSOLUTE
    ..\FWlib\src\stm32f10x_usart.c           0x00000000   Number         0  stm32f10x_usart.o ABSOLUTE
    ..\FWlib\src\stm32f10x_wwdg.c            0x00000000   Number         0  stm32f10x_wwdg.o ABSOLUTE
    ..\User_program\ADC_int.c                0x00000000   Number         0  adc_int.o ABSOLUTE
    ..\User_program\Axis_transform.c         0x00000000   Number         0  axis_transform.o ABSOLUTE
    ..\User_program\CAN.c                    0x00000000   Number         0  can.o ABSOLUTE
    ..\User_program\GPIO_int.c               0x00000000   Number         0  gpio_int.o ABSOLUTE
    ..\User_program\IQ_math.c                0x00000000   Number         0  iq_math.o ABSOLUTE
    ..\User_program\PI_Cale.c                0x00000000   Number         0  pi_cale.o ABSOLUTE
    ..\User_program\Sensorless_SMO.c         0x00000000   Number         0  sensorless_smo.o ABSOLUTE
    ..\User_program\Svpwm_dq.c               0x00000000   Number         0  svpwm_dq.o ABSOLUTE
    ..\User_program\Task_function.c          0x00000000   Number         0  task_function.o ABSOLUTE
    ..\User_program\Tim1_ISR_MCLoop.c        0x00000000   Number         0  tim1_isr_mcloop.o ABSOLUTE
    ..\User_program\Tim1_PWM.c               0x00000000   Number         0  tim1_pwm.o ABSOLUTE
    ..\User_program\Tim4_Encoder_PWMDAC.c    0x00000000   Number         0  tim4_encoder_pwmdac.o ABSOLUTE
    ..\User_program\Timer.c                  0x00000000   Number         0  timer.o ABSOLUTE
    ..\User_program\Usart_RS232.c            0x00000000   Number         0  usart_rs232.o ABSOLUTE
    ..\\CMSIS\\core_cm3.c                    0x00000000   Number         0  core_cm3.o ABSOLUTE
    cdcmple.s                                0x00000000   Number         0  cdcmple.o ABSOLUTE
    cdrcmple.s                               0x00000000   Number         0  cdrcmple.o ABSOLUTE
    dc.s                                     0x00000000   Number         0  dc.o ABSOLUTE
    handlers.s                               0x00000000   Number         0  handlers.o ABSOLUTE
    init.s                                   0x00000000   Number         0  init.o ABSOLUTE
    main.c                                   0x00000000   Number         0  main.o ABSOLUTE
    stm32f10x_it.c                           0x00000000   Number         0  stm32f10x_it.o ABSOLUTE
    RESET                                    0x08000000   Section      236  startup_stm32f10x_md.o(RESET)
    .ARM.Collect$$$$00000000                 0x080000ec   Section        0  entry.o(.ARM.Collect$$$$00000000)
    .ARM.Collect$$$$00000001                 0x080000ec   Section        4  entry2.o(.ARM.Collect$$$$00000001)
    .ARM.Collect$$$$00000004                 0x080000f0   Section        4  entry5.o(.ARM.Collect$$$$00000004)
    .ARM.Collect$$$$00000008                 0x080000f4   Section        0  entry7b.o(.ARM.Collect$$$$00000008)
    .ARM.Collect$$$$0000000A                 0x080000f4   Section        0  entry8b.o(.ARM.Collect$$$$0000000A)
    .ARM.Collect$$$$0000000B                 0x080000f4   Section        8  entry9a.o(.ARM.Collect$$$$0000000B)
    .ARM.Collect$$$$0000000D                 0x080000fc   Section        0  entry10a.o(.ARM.Collect$$$$0000000D)
    .ARM.Collect$$$$0000000F                 0x080000fc   Section        0  entry11a.o(.ARM.Collect$$$$0000000F)
    .ARM.Collect$$$$00002712                 0x080000fc   Section        4  entry2.o(.ARM.Collect$$$$00002712)
    __lit__00000000                          0x080000fc   Data           4  entry2.o(.ARM.Collect$$$$00002712)
    .text                                    0x08000100   Section        0  system_stm32f10x.o(.text)
    SetSysClockTo72                          0x08000101   Thumb Code   214  system_stm32f10x.o(.text)
    SetSysClock                              0x080001d7   Thumb Code     8  system_stm32f10x.o(.text)
    .text                                    0x080002e0   Section       36  startup_stm32f10x_md.o(.text)
    .text                                    0x08000304   Section        0  misc.o(.text)
    .text                                    0x080003e0   Section        0  stm32f10x_adc.o(.text)
    .text                                    0x08000830   Section        0  stm32f10x_can.o(.text)
    CheckITStatus                            0x08001033   Thumb Code    18  stm32f10x_can.o(.text)
    .text                                    0x08001220   Section        0  stm32f10x_dma.o(.text)
    .text                                    0x08001474   Section        0  stm32f10x_gpio.o(.text)
    .text                                    0x080017d0   Section        0  stm32f10x_rcc.o(.text)
    .text                                    0x08001b74   Section        0  stm32f10x_tim.o(.text)
    TI4_Config                               0x0800201b   Thumb Code   130  stm32f10x_tim.o(.text)
    TI3_Config                               0x080020af   Thumb Code   122  stm32f10x_tim.o(.text)
    TI2_Config                               0x08002143   Thumb Code   130  stm32f10x_tim.o(.text)
    TI1_Config                               0x080021d7   Thumb Code   108  stm32f10x_tim.o(.text)
    .text                                    0x08002990   Section        0  stm32f10x_usart.o(.text)
    .text                                    0x08002d98   Section        0  main.o(.text)
    .text                                    0x08002e34   Section        0  stm32f10x_it.o(.text)
    .text                                    0x08002e54   Section        0  gpio_int.o(.text)
    .text                                    0x08003038   Section        0  timer.o(.text)
    NVIC_SetPriority                         0x08003039   Thumb Code    32  timer.o(.text)
    .text                                    0x08003174   Section        0  adc_int.o(.text)
    .text                                    0x0800334c   Section        0  tim1_pwm.o(.text)
    .text                                    0x0800354c   Section        0  tim1_isr_mcloop.o(.text)
    .text                                    0x08003884   Section        0  iq_math.o(.text)
    .text                                    0x08003a8c   Section        0  svpwm_dq.o(.text)
    .text                                    0x08003b36   Section        0  axis_transform.o(.text)
    .text                                    0x08003ba4   Section        0  tim4_encoder_pwmdac.o(.text)
    .text                                    0x08003c74   Section        0  task_function.o(.text)
    .text                                    0x08003d4c   Section        0  pi_cale.o(.text)
    .text                                    0x08003de4   Section        0  usart_rs232.o(.text)
    .text                                    0x08003f9c   Section        0  sensorless_smo.o(.text)
    .text                                    0x080041b8   Section        0  can.o(.text)
    .text                                    0x08004360   Section        0  fadd.o(.text)
    .text                                    0x08004410   Section        0  fmul.o(.text)
    .text                                    0x08004474   Section        0  fdiv.o(.text)
    .text                                    0x080044f0   Section        0  ffixi.o(.text)
    .text                                    0x08004522   Section        0  f2d.o(.text)
    .text                                    0x08004548   Section        0  d2f.o(.text)
    .text                                    0x08004580   Section        0  fepilogue.o(.text)
    .text                                    0x08004580   Section        0  iusefp.o(.text)
    .text                                    0x080045ee   Section        0  dadd.o(.text)
    .text                                    0x0800473c   Section        0  dmul.o(.text)
    .text                                    0x08004820   Section        0  ddiv.o(.text)
    .text                                    0x080048fe   Section        0  dscalb.o(.text)
    .text                                    0x0800492c   Section        0  dflti.o(.text)
    .text                                    0x0800494e   Section        0  dfixi.o(.text)
    .text                                    0x0800498c   Section       48  cdcmple.o(.text)
    .text                                    0x080049bc   Section       48  cdrcmple.o(.text)
    .text                                    0x080049ec   Section       36  init.o(.text)
    .text                                    0x08004a10   Section        0  llshl.o(.text)
    .text                                    0x08004a2e   Section        0  llushr.o(.text)
    .text                                    0x08004a4e   Section        0  llsshr.o(.text)
    .text                                    0x08004a72   Section        0  depilogue.o(.text)
    i.__ARM_fpclassify                       0x08004b2c   Section        0  fpclassify.o(i.__ARM_fpclassify)
    i.__kernel_poly                          0x08004b54   Section        0  poly.o(i.__kernel_poly)
    i.__mathlib_dbl_infnan                   0x08004bfe   Section        0  dunder.o(i.__mathlib_dbl_infnan)
    i.__mathlib_dbl_overflow                 0x08004c04   Section        0  dunder.o(i.__mathlib_dbl_overflow)
    i.__mathlib_dbl_underflow                0x08004c14   Section        0  dunder.o(i.__mathlib_dbl_underflow)
    i.__scatterload_copy                     0x08004c24   Section       14  handlers.o(i.__scatterload_copy)
    i.__scatterload_null                     0x08004c32   Section        2  handlers.o(i.__scatterload_null)
    i.__scatterload_zeroinit                 0x08004c34   Section       14  handlers.o(i.__scatterload_zeroinit)
    i.__set_errno                            0x08004c44   Section        0  errno.o(i.__set_errno)
    i.exp                                    0x08004c50   Section        0  exp.o(i.exp)
    .constdata                               0x08004ed4   Section     1536  iq_math.o(.constdata)
    .constdata                               0x080054d8   Section       88  exp.o(.constdata)
    halF                                     0x080054d8   Data          16  exp.o(.constdata)
    ln2HI                                    0x080054e8   Data          16  exp.o(.constdata)
    ln2LO                                    0x080054f8   Data          16  exp.o(.constdata)
    P                                        0x08005508   Data          40  exp.o(.constdata)
    .data                                    0x20000000   Section       20  system_stm32f10x.o(.data)
    .data                                    0x20000014   Section       20  stm32f10x_rcc.o(.data)
    APBAHBPrescTable                         0x20000014   Data          16  stm32f10x_rcc.o(.data)
    ADCPrescTable                            0x20000024   Data           4  stm32f10x_rcc.o(.data)
    .data                                    0x20000028   Section      212  main.o(.data)
    .data                                    0x200000fc   Section        1  adc_int.o(.data)
    i                                        0x200000fc   Data           1  adc_int.o(.data)
    .data                                    0x200000fe   Section        6  tim1_pwm.o(.data)
    .data                                    0x20000104   Section        8  tim1_isr_mcloop.o(.data)
    .data                                    0x2000010c   Section        4  errno.o(.data)
    _errno                                   0x2000010c   Data           4  errno.o(.data)
    .bss                                     0x20000110   Section      340  main.o(.bss)
    .bss                                     0x20000264   Section       10  adc_int.o(.bss)
    .bss                                     0x20000270   Section       40  can.o(.bss)
    STACK                                    0x20000298   Section     1024  startup_stm32f10x_md.o(STACK)

    Global Symbols

    Symbol Name                              Value     Ov Type        Size  Object(Section)

    BuildAttributes$$THM_ISAv4$P$D$K$B$S$PE$A:L22UL41UL21$X:L11$S22US41US21$IEEE1$IW$USESV6$~STKCKD$USESV7$~SHL$OTIME$ROPI$IEEEX$EBA8$MICROLIB$REQ8$PRES8$EABIv2 0x00000000   Number         0  anon$$obj.o ABSOLUTE
    __ARM_use_no_argv                        0x00000000   Number         0  main.o ABSOLUTE
    __cpp_initialize__aeabi_                  - Undefined Weak Reference
    __cxa_finalize                            - Undefined Weak Reference
    __decompress                              - Undefined Weak Reference
    _clock_init                               - Undefined Weak Reference
    _microlib_exit                            - Undefined Weak Reference
    __Vectors_Size                           0x000000ec   Number         0  startup_stm32f10x_md.o ABSOLUTE
    __Vectors                                0x08000000   Data           4  startup_stm32f10x_md.o(RESET)
    __Vectors_End                            0x080000ec   Data           0  startup_stm32f10x_md.o(RESET)
    __main                                   0x080000ed   Thumb Code     0  entry.o(.ARM.Collect$$$$00000000)
    _main_stk                                0x080000ed   Thumb Code     0  entry2.o(.ARM.Collect$$$$00000001)
    _main_scatterload                        0x080000f1   Thumb Code     0  entry5.o(.ARM.Collect$$$$00000004)
    __main_after_scatterload                 0x080000f5   Thumb Code     0  entry5.o(.ARM.Collect$$$$00000004)
    _main_clock                              0x080000f5   Thumb Code     0  entry7b.o(.ARM.Collect$$$$00000008)
    _main_cpp_init                           0x080000f5   Thumb Code     0  entry8b.o(.ARM.Collect$$$$0000000A)
    _main_init                               0x080000f5   Thumb Code     0  entry9a.o(.ARM.Collect$$$$0000000B)
    __rt_final_cpp                           0x080000fd   Thumb Code     0  entry10a.o(.ARM.Collect$$$$0000000D)
    __rt_final_exit                          0x080000fd   Thumb Code     0  entry11a.o(.ARM.Collect$$$$0000000F)
    SystemInit                               0x080001df   Thumb Code    78  system_stm32f10x.o(.text)
    SystemCoreClockUpdate                    0x0800022d   Thumb Code   142  system_stm32f10x.o(.text)
    Reset_Handler                            0x080002e1   Thumb Code     8  startup_stm32f10x_md.o(.text)
    NMI_Handler                              0x080002e9   Thumb Code     2  startup_stm32f10x_md.o(.text)
    HardFault_Handler                        0x080002eb   Thumb Code     2  startup_stm32f10x_md.o(.text)
    MemManage_Handler                        0x080002ed   Thumb Code     2  startup_stm32f10x_md.o(.text)
    BusFault_Handler                         0x080002ef   Thumb Code     2  startup_stm32f10x_md.o(.text)
    UsageFault_Handler                       0x080002f1   Thumb Code     2  startup_stm32f10x_md.o(.text)
    SVC_Handler                              0x080002f3   Thumb Code     2  startup_stm32f10x_md.o(.text)
    DebugMon_Handler                         0x080002f5   Thumb Code     2  startup_stm32f10x_md.o(.text)
    PendSV_Handler                           0x080002f7   Thumb Code     2  startup_stm32f10x_md.o(.text)
    ADC1_2_IRQHandler                        0x080002fb   Thumb Code     0  startup_stm32f10x_md.o(.text)
    CAN1_RX1_IRQHandler                      0x080002fb   Thumb Code     0  startup_stm32f10x_md.o(.text)
    CAN1_SCE_IRQHandler                      0x080002fb   Thumb Code     0  startup_stm32f10x_md.o(.text)
    DMA1_Channel1_IRQHandler                 0x080002fb   Thumb Code     0  startup_stm32f10x_md.o(.text)
    DMA1_Channel2_IRQHandler                 0x080002fb   Thumb Code     0  startup_stm32f10x_md.o(.text)
    DMA1_Channel3_IRQHandler                 0x080002fb   Thumb Code     0  startup_stm32f10x_md.o(.text)
    DMA1_Channel4_IRQHandler                 0x080002fb   Thumb Code     0  startup_stm32f10x_md.o(.text)
    DMA1_Channel5_IRQHandler                 0x080002fb   Thumb Code     0  startup_stm32f10x_md.o(.text)
    DMA1_Channel6_IRQHandler                 0x080002fb   Thumb Code     0  startup_stm32f10x_md.o(.text)
    DMA1_Channel7_IRQHandler                 0x080002fb   Thumb Code     0  startup_stm32f10x_md.o(.text)
    EXTI0_IRQHandler                         0x080002fb   Thumb Code     0  startup_stm32f10x_md.o(.text)
    EXTI15_10_IRQHandler                     0x080002fb   Thumb Code     0  startup_stm32f10x_md.o(.text)
    EXTI1_IRQHandler                         0x080002fb   Thumb Code     0  startup_stm32f10x_md.o(.text)
    EXTI2_IRQHandler                         0x080002fb   Thumb Code     0  startup_stm32f10x_md.o(.text)
    EXTI3_IRQHandler                         0x080002fb   Thumb Code     0  startup_stm32f10x_md.o(.text)
    EXTI4_IRQHandler                         0x080002fb   Thumb Code     0  startup_stm32f10x_md.o(.text)
    EXTI9_5_IRQHandler                       0x080002fb   Thumb Code     0  startup_stm32f10x_md.o(.text)
    FLASH_IRQHandler                         0x080002fb   Thumb Code     0  startup_stm32f10x_md.o(.text)
    I2C1_ER_IRQHandler                       0x080002fb   Thumb Code     0  startup_stm32f10x_md.o(.text)
    I2C1_EV_IRQHandler                       0x080002fb   Thumb Code     0  startup_stm32f10x_md.o(.text)
    I2C2_ER_IRQHandler                       0x080002fb   Thumb Code     0  startup_stm32f10x_md.o(.text)
    I2C2_EV_IRQHandler                       0x080002fb   Thumb Code     0  startup_stm32f10x_md.o(.text)
    PVD_IRQHandler                           0x080002fb   Thumb Code     0  startup_stm32f10x_md.o(.text)
    RCC_IRQHandler                           0x080002fb   Thumb Code     0  startup_stm32f10x_md.o(.text)
    RTCAlarm_IRQHandler                      0x080002fb   Thumb Code     0  startup_stm32f10x_md.o(.text)
    RTC_IRQHandler                           0x080002fb   Thumb Code     0  startup_stm32f10x_md.o(.text)
    SPI1_IRQHandler                          0x080002fb   Thumb Code     0  startup_stm32f10x_md.o(.text)
    SPI2_IRQHandler                          0x080002fb   Thumb Code     0  startup_stm32f10x_md.o(.text)
    TAMPER_IRQHandler                        0x080002fb   Thumb Code     0  startup_stm32f10x_md.o(.text)
    TIM1_CC_IRQHandler                       0x080002fb   Thumb Code     0  startup_stm32f10x_md.o(.text)
    TIM1_TRG_COM_IRQHandler                  0x080002fb   Thumb Code     0  startup_stm32f10x_md.o(.text)
    TIM2_IRQHandler                          0x080002fb   Thumb Code     0  startup_stm32f10x_md.o(.text)
    TIM3_IRQHandler                          0x080002fb   Thumb Code     0  startup_stm32f10x_md.o(.text)
    TIM4_IRQHandler                          0x080002fb   Thumb Code     0  startup_stm32f10x_md.o(.text)
    USART1_IRQHandler                        0x080002fb   Thumb Code     0  startup_stm32f10x_md.o(.text)
    USART2_IRQHandler                        0x080002fb   Thumb Code     0  startup_stm32f10x_md.o(.text)
    USBWakeUp_IRQHandler                     0x080002fb   Thumb Code     0  startup_stm32f10x_md.o(.text)
    USB_HP_CAN1_TX_IRQHandler                0x080002fb   Thumb Code     0  startup_stm32f10x_md.o(.text)
    WWDG_IRQHandler                          0x080002fb   Thumb Code     0  startup_stm32f10x_md.o(.text)
    NVIC_PriorityGroupConfig                 0x08000305   Thumb Code    10  misc.o(.text)
    NVIC_Init                                0x0800030f   Thumb Code   100  misc.o(.text)
    NVIC_SetVectorTable                      0x08000373   Thumb Code    14  misc.o(.text)
    NVIC_SystemLPConfig                      0x08000381   Thumb Code    34  misc.o(.text)
    SysTick_CLKSourceConfig                  0x080003a3   Thumb Code    40  misc.o(.text)
    ADC_DeInit                               0x080003e1   Thumb Code    78  stm32f10x_adc.o(.text)
    ADC_Init                                 0x0800042f   Thumb Code    70  stm32f10x_adc.o(.text)
    ADC_StructInit                           0x08000475   Thumb Code    18  stm32f10x_adc.o(.text)
    ADC_Cmd                                  0x08000487   Thumb Code    22  stm32f10x_adc.o(.text)
    ADC_DMACmd                               0x0800049d   Thumb Code    22  stm32f10x_adc.o(.text)
    ADC_ITConfig                             0x080004b3   Thumb Code    24  stm32f10x_adc.o(.text)
    ADC_ResetCalibration                     0x080004cb   Thumb Code    10  stm32f10x_adc.o(.text)
    ADC_GetResetCalibrationStatus            0x080004d5   Thumb Code    20  stm32f10x_adc.o(.text)
    ADC_StartCalibration                     0x080004e9   Thumb Code    10  stm32f10x_adc.o(.text)
    ADC_GetCalibrationStatus                 0x080004f3   Thumb Code    20  stm32f10x_adc.o(.text)
    ADC_SoftwareStartConvCmd                 0x08000507   Thumb Code    22  stm32f10x_adc.o(.text)
    ADC_GetSoftwareStartConvStatus           0x0800051d   Thumb Code    20  stm32f10x_adc.o(.text)
    ADC_DiscModeChannelCountConfig           0x08000531   Thumb Code    24  stm32f10x_adc.o(.text)
    ADC_DiscModeCmd                          0x08000549   Thumb Code    22  stm32f10x_adc.o(.text)
    ADC_RegularChannelConfig                 0x0800055f   Thumb Code   184  stm32f10x_adc.o(.text)
    ADC_ExternalTrigConvCmd                  0x08000617   Thumb Code    22  stm32f10x_adc.o(.text)
    ADC_GetConversionValue                   0x0800062d   Thumb Code     8  stm32f10x_adc.o(.text)
    ADC_GetDualModeConversionValue           0x08000635   Thumb Code     8  stm32f10x_adc.o(.text)
    ADC_AutoInjectedConvCmd                  0x0800063d   Thumb Code    22  stm32f10x_adc.o(.text)
    ADC_InjectedDiscModeCmd                  0x08000653   Thumb Code    22  stm32f10x_adc.o(.text)
    ADC_ExternalTrigInjectedConvConfig       0x08000669   Thumb Code    16  stm32f10x_adc.o(.text)
    ADC_ExternalTrigInjectedConvCmd          0x08000679   Thumb Code    22  stm32f10x_adc.o(.text)
    ADC_SoftwareStartInjectedConvCmd         0x0800068f   Thumb Code    22  stm32f10x_adc.o(.text)
    ADC_GetSoftwareStartInjectedConvCmdStatus 0x080006a5   Thumb Code    20  stm32f10x_adc.o(.text)
    ADC_InjectedChannelConfig                0x080006b9   Thumb Code   130  stm32f10x_adc.o(.text)
    ADC_InjectedSequencerLengthConfig        0x0800073b   Thumb Code    24  stm32f10x_adc.o(.text)
    ADC_SetInjectedOffset                    0x08000753   Thumb Code    20  stm32f10x_adc.o(.text)
    ADC_GetInjectedConversionValue           0x08000767   Thumb Code    28  stm32f10x_adc.o(.text)
    ADC_AnalogWatchdogCmd                    0x08000783   Thumb Code    16  stm32f10x_adc.o(.text)
    ADC_AnalogWatchdogThresholdsConfig       0x08000793   Thumb Code     6  stm32f10x_adc.o(.text)
    ADC_AnalogWatchdogSingleChannelConfig    0x08000799   Thumb Code    16  stm32f10x_adc.o(.text)
    ADC_TempSensorVrefintCmd                 0x080007a9   Thumb Code    64  stm32f10x_adc.o(.text)
    ADC_GetFlagStatus                        0x080007e9   Thumb Code    18  stm32f10x_adc.o(.text)
    ADC_ClearFlag                            0x080007fb   Thumb Code     6  stm32f10x_adc.o(.text)
    ADC_GetITStatus                          0x08000801   Thumb Code    36  stm32f10x_adc.o(.text)
    ADC_ClearITPendingBit                    0x08000825   Thumb Code    10  stm32f10x_adc.o(.text)
    CAN_DeInit                               0x08000831   Thumb Code    50  stm32f10x_can.o(.text)
    CAN_Init                                 0x08000863   Thumb Code   276  stm32f10x_can.o(.text)
    CAN_FilterInit                           0x08000977   Thumb Code   258  stm32f10x_can.o(.text)
    CAN_StructInit                           0x08000a79   Thumb Code    32  stm32f10x_can.o(.text)
    CAN_SlaveStartBank                       0x08000a99   Thumb Code    48  stm32f10x_can.o(.text)
    CAN_DBGFreeze                            0x08000ac9   Thumb Code    22  stm32f10x_can.o(.text)
    CAN_TTComModeCmd                         0x08000adf   Thumb Code   118  stm32f10x_can.o(.text)
    CAN_Transmit                             0x08000b55   Thumb Code   304  stm32f10x_can.o(.text)
    CAN_TransmitStatus                       0x08000c85   Thumb Code   138  stm32f10x_can.o(.text)
    CAN_CancelTransmit                       0x08000d0f   Thumb Code    48  stm32f10x_can.o(.text)
    CAN_Receive                              0x08000d3f   Thumb Code   240  stm32f10x_can.o(.text)
    CAN_FIFORelease                          0x08000e2f   Thumb Code    22  stm32f10x_can.o(.text)
    CAN_MessagePending                       0x08000e45   Thumb Code    30  stm32f10x_can.o(.text)
    CAN_OperatingModeRequest                 0x08000e63   Thumb Code   162  stm32f10x_can.o(.text)
    CAN_Sleep                                0x08000f05   Thumb Code    30  stm32f10x_can.o(.text)
    CAN_WakeUp                               0x08000f23   Thumb Code    48  stm32f10x_can.o(.text)
    CAN_GetLastErrorCode                     0x08000f53   Thumb Code    12  stm32f10x_can.o(.text)
    CAN_GetReceiveErrorCounter               0x08000f5f   Thumb Code    10  stm32f10x_can.o(.text)
    CAN_GetLSBTransmitErrorCounter           0x08000f69   Thumb Code    12  stm32f10x_can.o(.text)
    CAN_ITConfig                             0x08000f75   Thumb Code    18  stm32f10x_can.o(.text)
    CAN_GetFlagStatus                        0x08000f87   Thumb Code   120  stm32f10x_can.o(.text)
    CAN_ClearFlag                            0x08000fff   Thumb Code    52  stm32f10x_can.o(.text)
    CAN_GetITStatus                          0x08001045   Thumb Code   310  stm32f10x_can.o(.text)
    CAN_ClearITPendingBit                    0x0800117b   Thumb Code   162  stm32f10x_can.o(.text)
    DMA_DeInit                               0x08001221   Thumb Code   324  stm32f10x_dma.o(.text)
    DMA_Init                                 0x08001365   Thumb Code    60  stm32f10x_dma.o(.text)
    DMA_StructInit                           0x080013a1   Thumb Code    26  stm32f10x_dma.o(.text)
    DMA_Cmd                                  0x080013bb   Thumb Code    24  stm32f10x_dma.o(.text)
    DMA_ITConfig                             0x080013d3   Thumb Code    18  stm32f10x_dma.o(.text)
    DMA_SetCurrDataCounter                   0x080013e5   Thumb Code     4  stm32f10x_dma.o(.text)
    DMA_GetCurrDataCounter                   0x080013e9   Thumb Code     8  stm32f10x_dma.o(.text)
    DMA_GetFlagStatus                        0x080013f1   Thumb Code    40  stm32f10x_dma.o(.text)
    DMA_ClearFlag                            0x08001419   Thumb Code    22  stm32f10x_dma.o(.text)
    DMA_GetITStatus                          0x0800142f   Thumb Code    40  stm32f10x_dma.o(.text)
    DMA_ClearITPendingBit                    0x08001457   Thumb Code    22  stm32f10x_dma.o(.text)
    GPIO_DeInit                              0x08001475   Thumb Code   172  stm32f10x_gpio.o(.text)
    GPIO_AFIODeInit                          0x08001521   Thumb Code    20  stm32f10x_gpio.o(.text)
    GPIO_Init                                0x08001535   Thumb Code   278  stm32f10x_gpio.o(.text)
    GPIO_StructInit                          0x0800164b   Thumb Code    16  stm32f10x_gpio.o(.text)
    GPIO_ReadInputDataBit                    0x0800165b   Thumb Code    18  stm32f10x_gpio.o(.text)
    GPIO_ReadInputData                       0x0800166d   Thumb Code     8  stm32f10x_gpio.o(.text)
    GPIO_ReadOutputDataBit                   0x08001675   Thumb Code    18  stm32f10x_gpio.o(.text)
    GPIO_ReadOutputData                      0x08001687   Thumb Code     8  stm32f10x_gpio.o(.text)
    GPIO_SetBits                             0x0800168f   Thumb Code     4  stm32f10x_gpio.o(.text)
    GPIO_ResetBits                           0x08001693   Thumb Code     4  stm32f10x_gpio.o(.text)
    GPIO_WriteBit                            0x08001697   Thumb Code    10  stm32f10x_gpio.o(.text)
    GPIO_Write                               0x080016a1   Thumb Code     4  stm32f10x_gpio.o(.text)
    GPIO_PinLockConfig                       0x080016a5   Thumb Code    18  stm32f10x_gpio.o(.text)
    GPIO_EventOutputConfig                   0x080016b7   Thumb Code    26  stm32f10x_gpio.o(.text)
    GPIO_EventOutputCmd                      0x080016d1   Thumb Code     6  stm32f10x_gpio.o(.text)
    GPIO_PinRemapConfig                      0x080016d7   Thumb Code   138  stm32f10x_gpio.o(.text)
    GPIO_EXTILineConfig                      0x08001761   Thumb Code    66  stm32f10x_gpio.o(.text)
    GPIO_ETH_MediaInterfaceConfig            0x080017a3   Thumb Code     8  stm32f10x_gpio.o(.text)
    RCC_DeInit                               0x080017d1   Thumb Code    64  stm32f10x_rcc.o(.text)
    RCC_HSEConfig                            0x08001811   Thumb Code    70  stm32f10x_rcc.o(.text)
    RCC_GetFlagStatus                        0x08001857   Thumb Code    56  stm32f10x_rcc.o(.text)
    RCC_WaitForHSEStartUp                    0x0800188f   Thumb Code    56  stm32f10x_rcc.o(.text)
    RCC_AdjustHSICalibrationValue            0x080018c7   Thumb Code    20  stm32f10x_rcc.o(.text)
    RCC_HSICmd                               0x080018db   Thumb Code     6  stm32f10x_rcc.o(.text)
    RCC_PLLConfig                            0x080018e1   Thumb Code    24  stm32f10x_rcc.o(.text)
    RCC_PLLCmd                               0x080018f9   Thumb Code     6  stm32f10x_rcc.o(.text)
    RCC_SYSCLKConfig                         0x080018ff   Thumb Code    18  stm32f10x_rcc.o(.text)
    RCC_GetSYSCLKSource                      0x08001911   Thumb Code    10  stm32f10x_rcc.o(.text)
    RCC_HCLKConfig                           0x0800191b   Thumb Code    18  stm32f10x_rcc.o(.text)
    RCC_PCLK1Config                          0x0800192d   Thumb Code    18  stm32f10x_rcc.o(.text)
    RCC_PCLK2Config                          0x0800193f   Thumb Code    20  stm32f10x_rcc.o(.text)
    RCC_ITConfig                             0x08001953   Thumb Code    26  stm32f10x_rcc.o(.text)
    RCC_USBCLKConfig                         0x0800196d   Thumb Code     8  stm32f10x_rcc.o(.text)
    RCC_ADCCLKConfig                         0x08001975   Thumb Code    18  stm32f10x_rcc.o(.text)
    RCC_LSEConfig                            0x08001987   Thumb Code    50  stm32f10x_rcc.o(.text)
    RCC_LSICmd                               0x080019b9   Thumb Code     6  stm32f10x_rcc.o(.text)
    RCC_RTCCLKConfig                         0x080019bf   Thumb Code    12  stm32f10x_rcc.o(.text)
    RCC_RTCCLKCmd                            0x080019cb   Thumb Code     8  stm32f10x_rcc.o(.text)
    RCC_GetClocksFreq                        0x080019d3   Thumb Code   192  stm32f10x_rcc.o(.text)
    RCC_AHBPeriphClockCmd                    0x08001a93   Thumb Code    26  stm32f10x_rcc.o(.text)
    RCC_APB2PeriphClockCmd                   0x08001aad   Thumb Code    26  stm32f10x_rcc.o(.text)
    RCC_APB1PeriphClockCmd                   0x08001ac7   Thumb Code    26  stm32f10x_rcc.o(.text)
    RCC_APB2PeriphResetCmd                   0x08001ae1   Thumb Code    26  stm32f10x_rcc.o(.text)
    RCC_APB1PeriphResetCmd                   0x08001afb   Thumb Code    26  stm32f10x_rcc.o(.text)
    RCC_BackupResetCmd                       0x08001b15   Thumb Code     8  stm32f10x_rcc.o(.text)
    RCC_ClockSecuritySystemCmd               0x08001b1d   Thumb Code     6  stm32f10x_rcc.o(.text)
    RCC_MCOConfig                            0x08001b23   Thumb Code     6  stm32f10x_rcc.o(.text)
    RCC_ClearFlag                            0x08001b29   Thumb Code    14  stm32f10x_rcc.o(.text)
    RCC_GetITStatus                          0x08001b37   Thumb Code    20  stm32f10x_rcc.o(.text)
    RCC_ClearITPendingBit                    0x08001b4b   Thumb Code     6  stm32f10x_rcc.o(.text)
    TIM_DeInit                               0x08001b75   Thumb Code   424  stm32f10x_tim.o(.text)
    TIM_TimeBaseInit                         0x08001d1d   Thumb Code   122  stm32f10x_tim.o(.text)
    TIM_OC1Init                              0x08001d97   Thumb Code   132  stm32f10x_tim.o(.text)
    TIM_OC2Init                              0x08001e1b   Thumb Code   154  stm32f10x_tim.o(.text)
    TIM_OC3Init                              0x08001eb5   Thumb Code   150  stm32f10x_tim.o(.text)
    TIM_OC4Init                              0x08001f4b   Thumb Code   182  stm32f10x_tim.o(.text)
    TIM_SetIC4Prescaler                      0x08002001   Thumb Code    26  stm32f10x_tim.o(.text)
    TIM_SetIC3Prescaler                      0x0800209d   Thumb Code    18  stm32f10x_tim.o(.text)
    TIM_SetIC2Prescaler                      0x08002129   Thumb Code    26  stm32f10x_tim.o(.text)
    TIM_SetIC1Prescaler                      0x080021c5   Thumb Code    18  stm32f10x_tim.o(.text)
    TIM_ICInit                               0x08002243   Thumb Code   150  stm32f10x_tim.o(.text)
    TIM_PWMIConfig                           0x080022d9   Thumb Code   124  stm32f10x_tim.o(.text)
    TIM_BDTRConfig                           0x08002355   Thumb Code    32  stm32f10x_tim.o(.text)
    TIM_TimeBaseStructInit                   0x08002375   Thumb Code    18  stm32f10x_tim.o(.text)
    TIM_OCStructInit                         0x08002387   Thumb Code    20  stm32f10x_tim.o(.text)
    TIM_ICStructInit                         0x0800239b   Thumb Code    18  stm32f10x_tim.o(.text)
    TIM_BDTRStructInit                       0x080023ad   Thumb Code    40  stm32f10x_tim.o(.text)
    TIM_Cmd                                  0x080023d5   Thumb Code    24  stm32f10x_tim.o(.text)
    TIM_CtrlPWMOutputs                       0x080023ed   Thumb Code    30  stm32f10x_tim.o(.text)
    TIM_ITConfig                             0x0800240b   Thumb Code    18  stm32f10x_tim.o(.text)
    TIM_GenerateEvent                        0x0800241d   Thumb Code     4  stm32f10x_tim.o(.text)
    TIM_DMAConfig                            0x08002421   Thumb Code    10  stm32f10x_tim.o(.text)
    TIM_DMACmd                               0x0800242b   Thumb Code    18  stm32f10x_tim.o(.text)
    TIM_InternalClockConfig                  0x0800243d   Thumb Code    12  stm32f10x_tim.o(.text)
    TIM_SelectInputTrigger                   0x08002449   Thumb Code    18  stm32f10x_tim.o(.text)
    TIM_ITRxExternalClockConfig              0x0800245b   Thumb Code    24  stm32f10x_tim.o(.text)
    TIM_TIxExternalClockConfig               0x08002473   Thumb Code    62  stm32f10x_tim.o(.text)
    TIM_ETRConfig                            0x080024b1   Thumb Code    28  stm32f10x_tim.o(.text)
    TIM_ETRClockMode1Config                  0x080024cd   Thumb Code    54  stm32f10x_tim.o(.text)
    TIM_ETRClockMode2Config                  0x08002503   Thumb Code    32  stm32f10x_tim.o(.text)
    TIM_PrescalerConfig                      0x08002523   Thumb Code     6  stm32f10x_tim.o(.text)
    TIM_CounterModeConfig                    0x08002529   Thumb Code    18  stm32f10x_tim.o(.text)
    TIM_EncoderInterfaceConfig               0x0800253b   Thumb Code    66  stm32f10x_tim.o(.text)
    TIM_ForcedOC1Config                      0x0800257d   Thumb Code    18  stm32f10x_tim.o(.text)
    TIM_ForcedOC2Config                      0x0800258f   Thumb Code    26  stm32f10x_tim.o(.text)
    TIM_ForcedOC3Config                      0x080025a9   Thumb Code    18  stm32f10x_tim.o(.text)
    TIM_ForcedOC4Config                      0x080025bb   Thumb Code    26  stm32f10x_tim.o(.text)
    TIM_ARRPreloadConfig                     0x080025d5   Thumb Code    24  stm32f10x_tim.o(.text)
    TIM_SelectCOM                            0x080025ed   Thumb Code    24  stm32f10x_tim.o(.text)
    TIM_SelectCCDMA                          0x08002605   Thumb Code    24  stm32f10x_tim.o(.text)
    TIM_CCPreloadControl                     0x0800261d   Thumb Code    24  stm32f10x_tim.o(.text)
    TIM_OC1PreloadConfig                     0x08002635   Thumb Code    18  stm32f10x_tim.o(.text)
    TIM_OC2PreloadConfig                     0x08002647   Thumb Code    26  stm32f10x_tim.o(.text)
    TIM_OC3PreloadConfig                     0x08002661   Thumb Code    18  stm32f10x_tim.o(.text)
    TIM_OC4PreloadConfig                     0x08002673   Thumb Code    26  stm32f10x_tim.o(.text)
    TIM_OC1FastConfig                        0x0800268d   Thumb Code    18  stm32f10x_tim.o(.text)
    TIM_OC2FastConfig                        0x0800269f   Thumb Code    26  stm32f10x_tim.o(.text)
    TIM_OC3FastConfig                        0x080026b9   Thumb Code    18  stm32f10x_tim.o(.text)
    TIM_OC4FastConfig                        0x080026cb   Thumb Code    26  stm32f10x_tim.o(.text)
    TIM_ClearOC1Ref                          0x080026e5   Thumb Code    18  stm32f10x_tim.o(.text)
    TIM_ClearOC2Ref                          0x080026f7   Thumb Code    24  stm32f10x_tim.o(.text)
    TIM_ClearOC3Ref                          0x0800270f   Thumb Code    18  stm32f10x_tim.o(.text)
    TIM_ClearOC4Ref                          0x08002721   Thumb Code    24  stm32f10x_tim.o(.text)
    TIM_OC1PolarityConfig                    0x08002739   Thumb Code    18  stm32f10x_tim.o(.text)
    TIM_OC1NPolarityConfig                   0x0800274b   Thumb Code    18  stm32f10x_tim.o(.text)
    TIM_OC2PolarityConfig                    0x0800275d   Thumb Code    26  stm32f10x_tim.o(.text)
    TIM_OC2NPolarityConfig                   0x08002777   Thumb Code    26  stm32f10x_tim.o(.text)
    TIM_OC3PolarityConfig                    0x08002791   Thumb Code    26  stm32f10x_tim.o(.text)
    TIM_OC3NPolarityConfig                   0x080027ab   Thumb Code    26  stm32f10x_tim.o(.text)
    TIM_OC4PolarityConfig                    0x080027c5   Thumb Code    26  stm32f10x_tim.o(.text)
    TIM_CCxCmd                               0x080027df   Thumb Code    30  stm32f10x_tim.o(.text)
    TIM_CCxNCmd                              0x080027fd   Thumb Code    30  stm32f10x_tim.o(.text)
    TIM_SelectOCxM                           0x0800281b   Thumb Code    82  stm32f10x_tim.o(.text)
    TIM_UpdateDisableConfig                  0x0800286d   Thumb Code    24  stm32f10x_tim.o(.text)
    TIM_UpdateRequestConfig                  0x08002885   Thumb Code    24  stm32f10x_tim.o(.text)
    TIM_SelectHallSensor                     0x0800289d   Thumb Code    24  stm32f10x_tim.o(.text)
    TIM_SelectOnePulseMode                   0x080028b5   Thumb Code    18  stm32f10x_tim.o(.text)
    TIM_SelectOutputTrigger                  0x080028c7   Thumb Code    18  stm32f10x_tim.o(.text)
    TIM_SelectSlaveMode                      0x080028d9   Thumb Code    18  stm32f10x_tim.o(.text)
    TIM_SelectMasterSlaveMode                0x080028eb   Thumb Code    18  stm32f10x_tim.o(.text)
    TIM_SetCounter                           0x080028fd   Thumb Code     4  stm32f10x_tim.o(.text)
    TIM_SetAutoreload                        0x08002901   Thumb Code     4  stm32f10x_tim.o(.text)
    TIM_SetCompare1                          0x08002905   Thumb Code     4  stm32f10x_tim.o(.text)
    TIM_SetCompare2                          0x08002909   Thumb Code     4  stm32f10x_tim.o(.text)
    TIM_SetCompare3                          0x0800290d   Thumb Code     4  stm32f10x_tim.o(.text)
    TIM_SetCompare4                          0x08002911   Thumb Code     6  stm32f10x_tim.o(.text)
    TIM_SetClockDivision                     0x08002917   Thumb Code    18  stm32f10x_tim.o(.text)
    TIM_GetCapture1                          0x08002929   Thumb Code     6  stm32f10x_tim.o(.text)
    TIM_GetCapture2                          0x0800292f   Thumb Code     6  stm32f10x_tim.o(.text)
    TIM_GetCapture3                          0x08002935   Thumb Code     6  stm32f10x_tim.o(.text)
    TIM_GetCapture4                          0x0800293b   Thumb Code     8  stm32f10x_tim.o(.text)
    TIM_GetCounter                           0x08002943   Thumb Code     6  stm32f10x_tim.o(.text)
    TIM_GetPrescaler                         0x08002949   Thumb Code     6  stm32f10x_tim.o(.text)
    TIM_GetFlagStatus                        0x0800294f   Thumb Code    18  stm32f10x_tim.o(.text)
    TIM_ClearFlag                            0x08002961   Thumb Code     6  stm32f10x_tim.o(.text)
    TIM_GetITStatus                          0x08002967   Thumb Code    34  stm32f10x_tim.o(.text)
    TIM_ClearITPendingBit                    0x08002989   Thumb Code     6  stm32f10x_tim.o(.text)
    USART_DeInit                             0x08002991   Thumb Code   134  stm32f10x_usart.o(.text)
    USART_Init                               0x08002a17   Thumb Code   210  stm32f10x_usart.o(.text)
    USART_StructInit                         0x08002ae9   Thumb Code    24  stm32f10x_usart.o(.text)
    USART_ClockInit                          0x08002b01   Thumb Code    34  stm32f10x_usart.o(.text)
    USART_ClockStructInit                    0x08002b23   Thumb Code    12  stm32f10x_usart.o(.text)
    USART_Cmd                                0x08002b2f   Thumb Code    24  stm32f10x_usart.o(.text)
    USART_ITConfig                           0x08002b47   Thumb Code    74  stm32f10x_usart.o(.text)
    USART_DMACmd                             0x08002b91   Thumb Code    18  stm32f10x_usart.o(.text)
    USART_SetAddress                         0x08002ba3   Thumb Code    18  stm32f10x_usart.o(.text)
    USART_WakeUpConfig                       0x08002bb5   Thumb Code    18  stm32f10x_usart.o(.text)
    USART_ReceiverWakeUpCmd                  0x08002bc7   Thumb Code    24  stm32f10x_usart.o(.text)
    USART_LINBreakDetectLengthConfig         0x08002bdf   Thumb Code    18  stm32f10x_usart.o(.text)
    USART_LINCmd                             0x08002bf1   Thumb Code    24  stm32f10x_usart.o(.text)
    USART_SendData                           0x08002c09   Thumb Code     8  stm32f10x_usart.o(.text)
    USART_ReceiveData                        0x08002c11   Thumb Code    10  stm32f10x_usart.o(.text)
    USART_SendBreak                          0x08002c1b   Thumb Code    10  stm32f10x_usart.o(.text)
    USART_SetGuardTime                       0x08002c25   Thumb Code    16  stm32f10x_usart.o(.text)
    USART_SetPrescaler                       0x08002c35   Thumb Code    16  stm32f10x_usart.o(.text)
    USART_SmartCardCmd                       0x08002c45   Thumb Code    24  stm32f10x_usart.o(.text)
    USART_SmartCardNACKCmd                   0x08002c5d   Thumb Code    24  stm32f10x_usart.o(.text)
    USART_HalfDuplexCmd                      0x08002c75   Thumb Code    24  stm32f10x_usart.o(.text)
    USART_OverSampling8Cmd                   0x08002c8d   Thumb Code    22  stm32f10x_usart.o(.text)
    USART_OneBitMethodCmd                    0x08002ca3   Thumb Code    24  stm32f10x_usart.o(.text)
    USART_IrDAConfig                         0x08002cbb   Thumb Code    18  stm32f10x_usart.o(.text)
    USART_IrDACmd                            0x08002ccd   Thumb Code    24  stm32f10x_usart.o(.text)
    USART_GetFlagStatus                      0x08002ce5   Thumb Code    26  stm32f10x_usart.o(.text)
    USART_ClearFlag                          0x08002cff   Thumb Code    18  stm32f10x_usart.o(.text)
    USART_GetITStatus                        0x08002d11   Thumb Code    84  stm32f10x_usart.o(.text)
    USART_ClearITPendingBit                  0x08002d65   Thumb Code    52  stm32f10x_usart.o(.text)
    main                                     0x08002d99   Thumb Code   150  main.o(.text)
    SysTick_Handler                          0x08002e35   Thumb Code     8  stm32f10x_it.o(.text)
    TIM1_BRK_IRQHandler                      0x08002e3d   Thumb Code    16  stm32f10x_it.o(.text)
    Delay                                    0x08002e55   Thumb Code    24  gpio_int.o(.text)
    GPIO_LED485RE_int                        0x08002e6d   Thumb Code    38  gpio_int.o(.text)
    InitThreeHallGpio                        0x08002e93   Thumb Code    32  gpio_int.o(.text)
    InitCAN_Gpio                             0x08002eb3   Thumb Code    60  gpio_int.o(.text)
    InitUSART3_Gpio                          0x08002eef   Thumb Code    60  gpio_int.o(.text)
    Init_Encoder_Gpio                        0x08002f2b   Thumb Code    44  gpio_int.o(.text)
    Init_PWMDAC_Gpio                         0x08002f57   Thumb Code    46  gpio_int.o(.text)
    Init_Gpio_ADC                            0x08002f85   Thumb Code    44  gpio_int.o(.text)
    Init_Gpio_TIM1_PWM                       0x08002fb1   Thumb Code    90  gpio_int.o(.text)
    LED1_Toggle                              0x0800300b   Thumb Code    30  gpio_int.o(.text)
    SysTickConfig                            0x08003059   Thumb Code    74  timer.o(.text)
    RunSystimer                              0x080030a3   Thumb Code   176  timer.o(.text)
    CLEAR_flag                               0x08003153   Thumb Code    16  timer.o(.text)
    ADC1_Configuration                       0x08003175   Thumb Code   194  adc_int.o(.text)
    DMA_Configuration                        0x08003237   Thumb Code    84  adc_int.o(.text)
    Offset_CurrentReading                    0x0800328b   Thumb Code   114  adc_int.o(.text)
    ADC_Sample                               0x080032fd   Thumb Code    58  adc_int.o(.text)
    Tim1_PWM_Init                            0x0800334d   Thumb Code   338  tim1_pwm.o(.text)
    Svpwm_Outpwm                             0x0800349f   Thumb Code    88  tim1_pwm.o(.text)
    Start_Motor                              0x080034f7   Thumb Code    36  tim1_pwm.o(.text)
    Stop_Motor                               0x0800351b   Thumb Code    38  tim1_pwm.o(.text)
    TIM1_UP_IRQHandler                       0x0800354d   Thumb Code   736  tim1_isr_mcloop.o(.text)
    IQSin_Cos_Cale                           0x08003885   Thumb Code   144  iq_math.o(.text)
    IQsat                                    0x08003915   Thumb Code    22  iq_math.o(.text)
    IQAtan_Cale                              0x0800392b   Thumb Code   282  iq_math.o(.text)
    IQSqrt                                   0x08003a45   Thumb Code    64  iq_math.o(.text)
    SVPWM_Cale                               0x08003a8d   Thumb Code   170  svpwm_dq.o(.text)
    CLARKE_Cale                              0x08003b37   Thumb Code    24  axis_transform.o(.text)
    PARK_Cale                                0x08003b4f   Thumb Code    42  axis_transform.o(.text)
    IPARK_Cale                               0x08003b79   Thumb Code    42  axis_transform.o(.text)
    TIM4PWMDAC_Config                        0x08003ba5   Thumb Code   198  tim4_encoder_pwmdac.o(.text)
    knob_control                             0x08003c75   Thumb Code   184  task_function.o(.text)
    PI_Controller                            0x08003d4d   Thumb Code    70  pi_cale.o(.text)
    PI_Pare_init                             0x08003d93   Thumb Code    70  pi_cale.o(.text)
    Usart3_RS232_init                        0x08003de5   Thumb Code   106  usart_rs232.o(.text)
    Uart3_Sendlen                            0x08003e4f   Thumb Code    46  usart_rs232.o(.text)
    Uart3_RS232TX_sen                        0x08003e7d   Thumb Code    70  usart_rs232.o(.text)
    ReceiveData_chuli                        0x08003ec3   Thumb Code    42  usart_rs232.o(.text)
    USART3_IRQHandler                        0x08003eed   Thumb Code   160  usart_rs232.o(.text)
    Angle_Cale                               0x08003f9d   Thumb Code   158  sensorless_smo.o(.text)
    SMO_Pare_init                            0x0800403b   Thumb Code   240  sensorless_smo.o(.text)
    SMO_Speedcale                            0x0800412b   Thumb Code   106  sensorless_smo.o(.text)
    CAN_Config                               0x080041b9   Thumb Code   228  can.o(.text)
    CAN_Receivechuli                         0x0800429d   Thumb Code    38  can.o(.text)
    CAN_Sendlen                              0x080042c3   Thumb Code    82  can.o(.text)
    USB_LP_CAN1_RX0_IRQHandler               0x08004315   Thumb Code    56  can.o(.text)
    __aeabi_fadd                             0x08004361   Thumb Code   164  fadd.o(.text)
    __aeabi_fsub                             0x08004405   Thumb Code     6  fadd.o(.text)
    __aeabi_frsub                            0x0800440b   Thumb Code     6  fadd.o(.text)
    __aeabi_fmul                             0x08004411   Thumb Code   100  fmul.o(.text)
    __aeabi_fdiv                             0x08004475   Thumb Code   124  fdiv.o(.text)
    __aeabi_f2iz                             0x080044f1   Thumb Code    50  ffixi.o(.text)
    __aeabi_f2d                              0x08004523   Thumb Code    38  f2d.o(.text)
    __aeabi_d2f                              0x08004549   Thumb Code    56  d2f.o(.text)
    __I$use$fp                               0x08004581   Thumb Code     0  iusefp.o(.text)
    _float_round                             0x08004581   Thumb Code    18  fepilogue.o(.text)
    _float_epilogue                          0x08004593   Thumb Code    92  fepilogue.o(.text)
    __aeabi_dadd                             0x080045ef   Thumb Code   322  dadd.o(.text)
    __aeabi_dsub                             0x08004731   Thumb Code     6  dadd.o(.text)
    __aeabi_drsub                            0x08004737   Thumb Code     6  dadd.o(.text)
    __aeabi_dmul                             0x0800473d   Thumb Code   228  dmul.o(.text)
    __aeabi_ddiv                             0x08004821   Thumb Code   222  ddiv.o(.text)
    __ARM_scalbn                             0x080048ff   Thumb Code    46  dscalb.o(.text)
    scalbn                                   0x080048ff   Thumb Code     0  dscalb.o(.text)
    __aeabi_i2d                              0x0800492d   Thumb Code    34  dflti.o(.text)
    __aeabi_d2iz                             0x0800494f   Thumb Code    62  dfixi.o(.text)
    __aeabi_cdcmpeq                          0x0800498d   Thumb Code     0  cdcmple.o(.text)
    __aeabi_cdcmple                          0x0800498d   Thumb Code    48  cdcmple.o(.text)
    __aeabi_cdrcmple                         0x080049bd   Thumb Code    48  cdrcmple.o(.text)
    __scatterload                            0x080049ed   Thumb Code    28  init.o(.text)
    __scatterload_rt2                        0x080049ed   Thumb Code     0  init.o(.text)
    __aeabi_llsl                             0x08004a11   Thumb Code    30  llshl.o(.text)
    _ll_shift_l                              0x08004a11   Thumb Code     0  llshl.o(.text)
    __aeabi_llsr                             0x08004a2f   Thumb Code    32  llushr.o(.text)
    _ll_ushift_r                             0x08004a2f   Thumb Code     0  llushr.o(.text)
    __aeabi_lasr                             0x08004a4f   Thumb Code    36  llsshr.o(.text)
    _ll_sshift_r                             0x08004a4f   Thumb Code     0  llsshr.o(.text)
    _double_round                            0x08004a73   Thumb Code    30  depilogue.o(.text)
    _double_epilogue                         0x08004a91   Thumb Code   156  depilogue.o(.text)
    __ARM_fpclassify                         0x08004b2d   Thumb Code    40  fpclassify.o(i.__ARM_fpclassify)
    __kernel_poly                            0x08004b55   Thumb Code   170  poly.o(i.__kernel_poly)
    __mathlib_dbl_infnan                     0x08004bff   Thumb Code     6  dunder.o(i.__mathlib_dbl_infnan)
    __mathlib_dbl_overflow                   0x08004c05   Thumb Code    14  dunder.o(i.__mathlib_dbl_overflow)
    __mathlib_dbl_underflow                  0x08004c15   Thumb Code    10  dunder.o(i.__mathlib_dbl_underflow)
    __scatterload_copy                       0x08004c25   Thumb Code    14  handlers.o(i.__scatterload_copy)
    __scatterload_null                       0x08004c33   Thumb Code     2  handlers.o(i.__scatterload_null)
    __scatterload_zeroinit                   0x08004c35   Thumb Code    14  handlers.o(i.__scatterload_zeroinit)
    __set_errno                              0x08004c45   Thumb Code     6  errno.o(i.__set_errno)
    exp                                      0x08004c51   Thumb Code   554  exp.o(i.exp)
    IQSin_Cos_Table                          0x08004ed4   Data         512  iq_math.o(.constdata)
    IQAtan2_Table                            0x080050d4   Data        1024  iq_math.o(.constdata)
    Region$$Table$$Base                      0x08005530   Number         0  anon$$obj.o(Region$$Table)
    Region$$Table$$Limit                     0x08005550   Number         0  anon$$obj.o(Region$$Table)
    SystemCoreClock                          0x20000000   Data           4  system_stm32f10x.o(.data)
    AHBPrescTable                            0x20000004   Data          16  system_stm32f10x.o(.data)
    pi_spd                                   0x20000028   Data          48  main.o(.data)
    pi_id                                    0x20000058   Data          48  main.o(.data)
    pi_iq                                    0x20000088   Data          48  main.o(.data)
    ADCSampPare                              0x200000b8   Data          40  main.o(.data)
    CANSRPare                                0x200000e0   Data          28  main.o(.data)
    PWM_DUTY                                 0x200000fe   Data           6  tim1_pwm.o(.data)
    detha1                                   0x20000104   Data           2  tim1_isr_mcloop.o(.data)
    detha2                                   0x20000106   Data           2  tim1_isr_mcloop.o(.data)
    FilK1                                    0x20000108   Data           2  tim1_isr_mcloop.o(.data)
    FilK2                                    0x2000010a   Data           2  tim1_isr_mcloop.o(.data)
    TestPare                                 0x20000110   Data          40  main.o(.bss)
    TaskTimePare                             0x20000138   Data          13  main.o(.bss)
    logicContr                               0x20000146   Data          10  main.o(.bss)
    ClarkeI                                  0x20000150   Data          20  main.o(.bss)
    ParkI                                    0x20000164   Data          28  main.o(.bss)
    IparkU                                   0x20000180   Data          28  main.o(.bss)
    Svpwmdq                                  0x2000019c   Data          36  main.o(.bss)
    AngleSin_Cos                             0x200001c0   Data          12  main.o(.bss)
    Angle_SMOPare                            0x200001cc   Data          68  main.o(.bss)
    SMO_MotorPare                            0x20000210   Data          36  main.o(.bss)
    Speed_estPare                            0x20000234   Data          28  main.o(.bss)
    IQAtan_Pare                              0x20000250   Data          20  main.o(.bss)
    ADC_ConvertedValue                       0x20000264   Data          10  adc_int.o(.bss)
    TxMessage                                0x20000270   Data          20  can.o(.bss)
    RxMessage                                0x20000284   Data          20  can.o(.bss)
    __initial_sp                             0x20000698   Data           0  startup_stm32f10x_md.o(STACK)



==============================================================================

Memory Map of the image

  Image Entry point : 0x080000ed

  Load Region LR_IROM1 (Base: 0x08000000, Size: 0x00005660, Max: 0x00010000, ABSOLUTE)

    Execution Region ER_IROM1 (Exec base: 0x08000000, Load base: 0x08000000, Size: 0x00005550, Max: 0x00010000, ABSOLUTE)

    Exec Addr    Load Addr    Size         Type   Attr      Idx    E Section Name        Object

    0x08000000   0x08000000   0x000000ec   Data   RO           83    RESET               startup_stm32f10x_md.o
    0x080000ec   0x080000ec   0x00000000   Code   RO          694  * .ARM.Collect$$$$00000000  mc_w.l(entry.o)
    0x080000ec   0x080000ec   0x00000004   Code   RO          728    .ARM.Collect$$$$00000001  mc_w.l(entry2.o)
    0x080000f0   0x080000f0   0x00000004   Code   RO          731    .ARM.Collect$$$$00000004  mc_w.l(entry5.o)
    0x080000f4   0x080000f4   0x00000000   Code   RO          733    .ARM.Collect$$$$00000008  mc_w.l(entry7b.o)
    0x080000f4   0x080000f4   0x00000000   Code   RO          735    .ARM.Collect$$$$0000000A  mc_w.l(entry8b.o)
    0x080000f4   0x080000f4   0x00000008   Code   RO          736    .ARM.Collect$$$$0000000B  mc_w.l(entry9a.o)
    0x080000fc   0x080000fc   0x00000000   Code   RO          738    .ARM.Collect$$$$0000000D  mc_w.l(entry10a.o)
    0x080000fc   0x080000fc   0x00000000   Code   RO          740    .ARM.Collect$$$$0000000F  mc_w.l(entry11a.o)
    0x080000fc   0x080000fc   0x00000004   Code   RO          729    .ARM.Collect$$$$00002712  mc_w.l(entry2.o)
    0x08000100   0x08000100   0x000001e0   Code   RO           17    .text               system_stm32f10x.o
    0x080002e0   0x080002e0   0x00000024   Code   RO           84    .text               startup_stm32f10x_md.o
    0x08000304   0x08000304   0x000000dc   Code   RO           88    .text               misc.o
    0x080003e0   0x080003e0   0x0000044e   Code   RO          104    .text               stm32f10x_adc.o
    0x0800082e   0x0800082e   0x00000002   PAD
    0x08000830   0x08000830   0x000009f0   Code   RO          131    .text               stm32f10x_can.o
    0x08001220   0x08001220   0x00000254   Code   RO          200    .text               stm32f10x_dma.o
    0x08001474   0x08001474   0x0000035c   Code   RO          257    .text               stm32f10x_gpio.o
    0x080017d0   0x080017d0   0x000003a4   Code   RO          311    .text               stm32f10x_rcc.o
    0x08001b74   0x08001b74   0x00000e1a   Code   RO          370    .text               stm32f10x_tim.o
    0x0800298e   0x0800298e   0x00000002   PAD
    0x08002990   0x08002990   0x00000408   Code   RO          382    .text               stm32f10x_usart.o
    0x08002d98   0x08002d98   0x0000009c   Code   RO          406    .text               main.o
    0x08002e34   0x08002e34   0x00000020   Code   RO          465    .text               stm32f10x_it.o
    0x08002e54   0x08002e54   0x000001e4   Code   RO          481    .text               gpio_int.o
    0x08003038   0x08003038   0x0000013c   Code   RO          493    .text               timer.o
    0x08003174   0x08003174   0x000001d8   Code   RO          510    .text               adc_int.o
    0x0800334c   0x0800334c   0x00000200   Code   RO          527    .text               tim1_pwm.o
    0x0800354c   0x0800354c   0x00000338   Code   RO          543    .text               tim1_isr_mcloop.o
    0x08003884   0x08003884   0x00000208   Code   RO          562    .text               iq_math.o
    0x08003a8c   0x08003a8c   0x000000aa   Code   RO          577    .text               svpwm_dq.o
    0x08003b36   0x08003b36   0x0000006c   Code   RO          589    .text               axis_transform.o
    0x08003ba2   0x08003ba2   0x00000002   PAD
    0x08003ba4   0x08003ba4   0x000000d0   Code   RO          601    .text               tim4_encoder_pwmdac.o
    0x08003c74   0x08003c74   0x000000d8   Code   RO          613    .text               task_function.o
    0x08003d4c   0x08003d4c   0x00000098   Code   RO          626    .text               pi_cale.o
    0x08003de4   0x08003de4   0x000001b8   Code   RO          639    .text               usart_rs232.o
    0x08003f9c   0x08003f9c   0x0000021c   Code   RO          652    .text               sensorless_smo.o
    0x080041b8   0x080041b8   0x000001a8   Code   RO          665    .text               can.o
    0x08004360   0x08004360   0x000000b0   Code   RO          697    .text               mf_w.l(fadd.o)
    0x08004410   0x08004410   0x00000064   Code   RO          699    .text               mf_w.l(fmul.o)
    0x08004474   0x08004474   0x0000007c   Code   RO          701    .text               mf_w.l(fdiv.o)
    0x080044f0   0x080044f0   0x00000032   Code   RO          703    .text               mf_w.l(ffixi.o)
    0x08004522   0x08004522   0x00000026   Code   RO          705    .text               mf_w.l(f2d.o)
    0x08004548   0x08004548   0x00000038   Code   RO          707    .text               mf_w.l(d2f.o)
    0x08004580   0x08004580   0x00000000   Code   RO          749    .text               mc_w.l(iusefp.o)
    0x08004580   0x08004580   0x0000006e   Code   RO          750    .text               mf_w.l(fepilogue.o)
    0x080045ee   0x080045ee   0x0000014e   Code   RO          752    .text               mf_w.l(dadd.o)
    0x0800473c   0x0800473c   0x000000e4   Code   RO          754    .text               mf_w.l(dmul.o)
    0x08004820   0x08004820   0x000000de   Code   RO          756    .text               mf_w.l(ddiv.o)
    0x080048fe   0x080048fe   0x0000002e   Code   RO          758    .text               mf_w.l(dscalb.o)
    0x0800492c   0x0800492c   0x00000022   Code   RO          760    .text               mf_w.l(dflti.o)
    0x0800494e   0x0800494e   0x0000003e   Code   RO          762    .text               mf_w.l(dfixi.o)
    0x0800498c   0x0800498c   0x00000030   Code   RO          764    .text               mf_w.l(cdcmple.o)
    0x080049bc   0x080049bc   0x00000030   Code   RO          766    .text               mf_w.l(cdrcmple.o)
    0x080049ec   0x080049ec   0x00000024   Code   RO          768    .text               mc_w.l(init.o)
    0x08004a10   0x08004a10   0x0000001e   Code   RO          770    .text               mc_w.l(llshl.o)
    0x08004a2e   0x08004a2e   0x00000020   Code   RO          772    .text               mc_w.l(llushr.o)
    0x08004a4e   0x08004a4e   0x00000024   Code   RO          774    .text               mc_w.l(llsshr.o)
    0x08004a72   0x08004a72   0x000000ba   Code   RO          776    .text               mf_w.l(depilogue.o)
    0x08004b2c   0x08004b2c   0x00000028   Code   RO          723    i.__ARM_fpclassify  m_ws.l(fpclassify.o)
    0x08004b54   0x08004b54   0x000000aa   Code   RO          725    i.__kernel_poly     m_ws.l(poly.o)
    0x08004bfe   0x08004bfe   0x00000006   Code   RO          710    i.__mathlib_dbl_infnan  m_ws.l(dunder.o)
    0x08004c04   0x08004c04   0x0000000e   Code   RO          713    i.__mathlib_dbl_overflow  m_ws.l(dunder.o)
    0x08004c12   0x08004c12   0x00000002   PAD
    0x08004c14   0x08004c14   0x00000010   Code   RO          715    i.__mathlib_dbl_underflow  m_ws.l(dunder.o)
    0x08004c24   0x08004c24   0x0000000e   Code   RO          780    i.__scatterload_copy  mc_w.l(handlers.o)
    0x08004c32   0x08004c32   0x00000002   Code   RO          781    i.__scatterload_null  mc_w.l(handlers.o)
    0x08004c34   0x08004c34   0x0000000e   Code   RO          782    i.__scatterload_zeroinit  mc_w.l(handlers.o)
    0x08004c42   0x08004c42   0x00000002   PAD
    0x08004c44   0x08004c44   0x0000000c   Code   RO          744    i.__set_errno       mc_w.l(errno.o)
    0x08004c50   0x08004c50   0x00000284   Code   RO          685    i.exp               m_ws.l(exp.o)
    0x08004ed4   0x08004ed4   0x00000600   Data   RO          563    .constdata          iq_math.o
    0x080054d4   0x080054d4   0x00000004   PAD
    0x080054d8   0x080054d8   0x00000058   Data   RO          686    .constdata          m_ws.l(exp.o)
    0x08005530   0x08005530   0x00000020   Data   RO          778    Region$$Table       anon$$obj.o


    Execution Region RW_IRAM1 (Exec base: 0x20000000, Load base: 0x08005550, Size: 0x00000698, Max: 0x00005000, ABSOLUTE)

    Exec Addr    Load Addr    Size         Type   Attr      Idx    E Section Name        Object

    0x20000000   0x08005550   0x00000014   Data   RW           18    .data               system_stm32f10x.o
    0x20000014   0x08005564   0x00000014   Data   RW          312    .data               stm32f10x_rcc.o
    0x20000028   0x08005578   0x000000d4   Data   RW          408    .data               main.o
    0x200000fc   0x0800564c   0x00000001   Data   RW          512    .data               adc_int.o
    0x200000fd   0x0800564d   0x00000001   PAD
    0x200000fe   0x0800564e   0x00000006   Data   RW          528    .data               tim1_pwm.o
    0x20000104   0x08005654   0x00000008   Data   RW          544    .data               tim1_isr_mcloop.o
    0x2000010c   0x0800565c   0x00000004   Data   RW          745    .data               mc_w.l(errno.o)
    0x20000110        -       0x00000154   Zero   RW          407    .bss                main.o
    0x20000264        -       0x0000000a   Zero   RW          511    .bss                adc_int.o
    0x2000026e   0x08005660   0x00000002   PAD
    0x20000270        -       0x00000028   Zero   RW          666    .bss                can.o
    0x20000298        -       0x00000400   Zero   RW           81    STACK               startup_stm32f10x_md.o


==============================================================================

Image component sizes


      Code (inc. data)   RO Data    RW Data    ZI Data      Debug   Object Name

       472         22          0          1         10       1987   adc_int.o
       108          0          0          0          0        823   axis_transform.o
       424         20          0          0         40       1675   can.o
         0          0          0          0          0       4540   core_cm3.o
       484         16          0          0          0       2157   gpio_int.o
       520          8       1536          0          0       2254   iq_math.o
       156          6          0        212        340       8851   main.o
       220         22          0          0          0       1817   misc.o
       152         12          0          0          0        757   pi_cale.o
       540         36          0          0          0        957   sensorless_smo.o
        36          8        236          0       1024        836   startup_stm32f10x_md.o
      1102         26          0          0          0      11057   stm32f10x_adc.o
      2544         38          0          0          0      16324   stm32f10x_can.o
       596          8          0          0          0       4382   stm32f10x_dma.o
       860         38          0          0          0       5753   stm32f10x_gpio.o
        32          8          0          0          0        634   stm32f10x_it.o
       932         36          0         20          0       8952   stm32f10x_rcc.o
      3610         88          0          0          0      22860   stm32f10x_tim.o
      1032         22          0          0          0       8472   stm32f10x_usart.o
       170          0          0          0          0        637   svpwm_dq.o
       480         38          0         20          0     267791   system_stm32f10x.o
       216         32          0          0          0        635   task_function.o
       824         88          0          8          0       1265   tim1_isr_mcloop.o
       512         12          0          6          0       1909   tim1_pwm.o
       208         10          0          0          0        708   tim4_encoder_pwmdac.o
       316         18          0          0          0      16230   timer.o
       440         16          0          0          0       1971   usart_rs232.o

    ----------------------------------------------------------------------
     16992        628       1808        268       1416     396234   Object Totals
         0          0         32          0          0          0   (incl. Generated)
         6          0          4          1          2          0   (incl. Padding)

    ----------------------------------------------------------------------

      Code (inc. data)   RO Data    RW Data    ZI Data      Debug   Library Member Name

        36          6          0          0          0        204   dunder.o
       644         90         88          0          0        204   exp.o
        40          0          0          0          0         68   fpclassify.o
       170          0          0          0          0         96   poly.o
         0          0          0          0          0          0   entry.o
         0          0          0          0          0          0   entry10a.o
         0          0          0          0          0          0   entry11a.o
         8          4          0          0          0          0   entry2.o
         4          0          0          0          0          0   entry5.o
         0          0          0          0          0          0   entry7b.o
         0          0          0          0          0          0   entry8b.o
         8          4          0          0          0          0   entry9a.o
        12          6          0          4          0         68   errno.o
        30          0          0          0          0          0   handlers.o
        36          8          0          0          0         68   init.o
         0          0          0          0          0          0   iusefp.o
        30          0          0          0          0         68   llshl.o
        36          0          0          0          0         68   llsshr.o
        32          0          0          0          0         68   llushr.o
        48          0          0          0          0         68   cdcmple.o
        48          0          0          0          0         68   cdrcmple.o
        56          0          0          0          0         88   d2f.o
       334          0          0          0          0        148   dadd.o
       222          0          0          0          0        100   ddiv.o
       186          0          0          0          0        176   depilogue.o
        62          0          0          0          0         80   dfixi.o
        34          0          0          0          0         76   dflti.o
       228          0          0          0          0         96   dmul.o
        46          0          0          0          0         80   dscalb.o
        38          0          0          0          0         68   f2d.o
       176          0          0          0          0        140   fadd.o
       124          0          0          0          0         88   fdiv.o
       110          0          0          0          0        168   fepilogue.o
        50          0          0          0          0         68   ffixi.o
       100          0          0          0          0         76   fmul.o

    ----------------------------------------------------------------------
      2952        118         88          4          0       2500   Library Totals
         4          0          0          0          0          0   (incl. Padding)

    ----------------------------------------------------------------------

      Code (inc. data)   RO Data    RW Data    ZI Data      Debug   Library Name

       890         96         88          0          0        572   m_ws.l
       196         22          0          4          0        340   mc_w.l
      1862          0          0          0          0       1588   mf_w.l

    ----------------------------------------------------------------------
      2952        118         88          4          0       2500   Library Totals

    ----------------------------------------------------------------------

==============================================================================


      Code (inc. data)   RO Data    RW Data    ZI Data      Debug   

     19944        746       1896        272       1416     395038   Grand Totals
     19944        746       1896        272       1416     395038   ELF Image Totals
     19944        746       1896        272          0          0   ROM Totals

==============================================================================

    Total RO  Size (Code + RO Data)                21840 (  21.33kB)
    Total RW  Size (RW Data + ZI Data)              1688 (   1.65kB)
    Total ROM Size (Code + RO Data + RW Data)      22112 (  21.59kB)

==============================================================================

