<html>
<body>
<pre>
<h1>礦ision Build Log</h1>
<h2>Project:</h2>
E:\STM32_lizi\STM32电机控制程序_V17-2\STM32_PMSM_FOC_Sensorless_170812OK_1\Project\STM32_PMSM_Sensorless_V17.2.uvproj
Project File Date:  06/01/2017

<h2>Output:</h2>
Build target 'STM32_PMSM_Sensorless_V17_2'
compiling Task_function.c...
linking...
Program Size: Code=19872 RO-data=1896 RW-data=272 ZI-data=1416  
FromELF: creating hex file...
".\Output\STM32_PMSM_Sensorless.axf" - 0 Error(s), 0 Warning(s).
Build target 'STM32_PMSM_Sensorless_V17_2'
linking...
Program Size: Code=19872 RO-data=1896 RW-data=272 ZI-data=1416  
FromELF: creating hex file...
".\Output\STM32_PMSM_Sensorless.axf" - 0 Error(s), 0 Warning(s).
Load "E:\\STM32_lizi\\STM32电机控制程序_V17-2\\STM32_PMSM_FOC_Sensorless_170812OK_1\\Project\\Output\\STM32_PMSM_Sensorless.AXF" 
Set JLink Project File to "E:\STM32_lizi\STM32电机控制程序_V17-2\STM32_PMSM_FOC_Sensorless_170812OK_1\Project\JLinkSettings.ini"
* JLink Info: Device "STM32F103R6" selected (32 KB flash, 10 KB RAM).
 
JLink info:
------------
DLL: V4.74b, compiled Aug 19 2013 23:26:44
Firmware: J-Link ARM V8 compiled Jul 17 2013 11:24:15
Hardware: V8.00
S/N : 304439649 
Feature(s) : RDI,FlashDL,FlashBP,JFlash,GDBFULL 
 
* JLink Info: Found SWD-DP with ID 0x1BA01477
* JLink Info: Found SWD-DP with ID 0x1BA01477
* JLink Info: TPIU fitted.
* JLink Info: FPUnit: 6 code (BP) slots and 2 literal slots
* JLink Info: Found Cortex-M3 r1p1, Little endian.
ROMTableAddr = 0xE00FF003
 
Target info:
------------
Device: STM32F103R6
VTarget = 3.300V
State of Pins: 
TCK: 0, TDI: 0, TDO: 0, TMS: 1, TRES: 1, TRST: 1
Hardware-Breakpoints: 6
Software-Breakpoints: 8192
Watchpoints:          4
JTAG speed: 1000 kHz
 
Erase Done.
Programming Done.
Verify OK.
Build target 'STM32_PMSM_Sensorless_V17_2'
linking...
Program Size: Code=19872 RO-data=1896 RW-data=272 ZI-data=1416  
FromELF: creating hex file...
".\Output\STM32_PMSM_Sensorless.axf" - 0 Error(s), 0 Warning(s).
Build target 'STM32_PMSM_Sensorless_V17_2'
linking...
Program Size: Code=19872 RO-data=1896 RW-data=272 ZI-data=1416  
FromELF: creating hex file...
".\Output\STM32_PMSM_Sensorless.axf" - 0 Error(s), 0 Warning(s).
Load "E:\\STM32_lizi\\STM32电机控制程序_V17-2\\STM32_PMSM_FOC_Sensorless_170812OK_1\\Project\\Output\\STM32_PMSM_Sensorless.AXF" 
Set JLink Project File to "E:\STM32_lizi\STM32电机控制程序_V17-2\STM32_PMSM_FOC_Sensorless_170812OK_1\Project\JLinkSettings.ini"
* JLink Info: Device "STM32F103R6" selected (32 KB flash, 10 KB RAM).
 
JLink info:
------------
DLL: V4.74b, compiled Aug 19 2013 23:26:44
Firmware: J-Link ARM V8 compiled Jul 17 2013 11:24:15
Hardware: V8.00
S/N : 304439649 
Feature(s) : RDI,FlashDL,FlashBP,JFlash,GDBFULL 
 
* JLink Info: Found SWD-DP with ID 0x1BA01477
* JLink Info: Found SWD-DP with ID 0x1BA01477
* JLink Info: TPIU fitted.
* JLink Info: FPUnit: 6 code (BP) slots and 2 literal slots
* JLink Info: Found Cortex-M3 r1p1, Little endian.
ROMTableAddr = 0xE00FF003
 
Target info:
------------
Device: STM32F103R6
VTarget = 3.300V
State of Pins: 
TCK: 0, TDI: 0, TDO: 0, TMS: 1, TRES: 1, TRST: 1
Hardware-Breakpoints: 6
Software-Breakpoints: 8192
Watchpoints:          4
JTAG speed: 1000 kHz
 
Erase Done.
Programming Done.
Verify OK.
Build target 'STM32_PMSM_Sensorless_V17_2'
linking...
Program Size: Code=19872 RO-data=1896 RW-data=272 ZI-data=1416  
FromELF: creating hex file...
".\Output\STM32_PMSM_Sensorless.axf" - 0 Error(s), 0 Warning(s).
Load "E:\\STM32_lizi\\STM32电机控制程序_V17-2\\STM32_PMSM_FOC_Sensorless_170812OK_1\\Project\\Output\\STM32_PMSM_Sensorless.AXF" 
Set JLink Project File to "E:\STM32_lizi\STM32电机控制程序_V17-2\STM32_PMSM_FOC_Sensorless_170812OK_1\Project\JLinkSettings.ini"
* JLink Info: Device "STM32F103R6" selected (32 KB flash, 10 KB RAM).
 
JLink info:
------------
DLL: V4.74b, compiled Aug 19 2013 23:26:44
Firmware: J-Link ARM V8 compiled Jul 17 2013 11:24:15
Hardware: V8.00
S/N : 304439649 
Feature(s) : RDI,FlashDL,FlashBP,JFlash,GDBFULL 
 
* JLink Info: Found SWD-DP with ID 0x1BA01477
* JLink Info: Found SWD-DP with ID 0x1BA01477
* JLink Info: TPIU fitted.
* JLink Info: FPUnit: 6 code (BP) slots and 2 literal slots
* JLink Info: Found Cortex-M3 r1p1, Little endian.
ROMTableAddr = 0xE00FF003
 
Target info:
------------
Device: STM32F103R6
VTarget = 3.306V
State of Pins: 
TCK: 0, TDI: 0, TDO: 0, TMS: 1, TRES: 1, TRST: 1
Hardware-Breakpoints: 6
Software-Breakpoints: 8192
Watchpoints:          4
JTAG speed: 1000 kHz
 
Erase Done.
Programming Done.
Verify OK.
Build target 'STM32_PMSM_Sensorless_V17_2'
linking...
Program Size: Code=19872 RO-data=1896 RW-data=272 ZI-data=1416  
FromELF: creating hex file...
".\Output\STM32_PMSM_Sensorless.axf" - 0 Error(s), 0 Warning(s).
